Archive member included to satisfy reference by file (symbol)

.\CortexM3\ARM_GCC_541\Debug\Design01.a(CyLib.o)
                              .\CortexM3\ARM_GCC_541\Debug\Cm3Start.o (CyHalt)
.\CortexM3\ARM_GCC_541\Debug\Design01.a(cyPm.o)
                              .\CortexM3\ARM_GCC_541\Debug\Design01.a(CyLib.o) (CyPmReadStatus)
.\CortexM3\ARM_GCC_541\Debug\Design01.a(UART.o)
                              .\CortexM3\ARM_GCC_541\Debug\main.o (UART_Start)
.\CortexM3\ARM_GCC_541\Debug\Design01.a(ADC.o)
                              .\CortexM3\ARM_GCC_541\Debug\main.o (ADC_Start)
.\CortexM3\ARM_GCC_541\Debug\Design01.a(ADC_INT.o)
                              .\CortexM3\ARM_GCC_541\Debug\Design01.a(ADC.o) (ADC_ISR1)
.\CortexM3\ARM_GCC_541\Debug\Design01.a(UART_IntClock.o)
                              .\CortexM3\ARM_GCC_541\Debug\Design01.a(UART.o) (UART_IntClock_Start)
.\CortexM3\ARM_GCC_541\Debug\Design01.a(ADC_AMux.o)
                              .\CortexM3\ARM_GCC_541\Debug\Design01.a(ADC.o) (ADC_AMux_Select)
.\CortexM3\ARM_GCC_541\Debug\Design01.a(ADC_Ext_CP_Clk.o)
                              .\CortexM3\ARM_GCC_541\Debug\Design01.a(ADC.o) (ADC_Ext_CP_Clk_SetModeRegister)
.\CortexM3\ARM_GCC_541\Debug\Design01.a(ADC_theACLK.o)
                              .\CortexM3\ARM_GCC_541\Debug\Design01.a(ADC.o) (ADC_theACLK_SetModeRegister)
.\CortexM3\ARM_GCC_541\Debug\Design01.a(Opamp.o)
                              .\CortexM3\ARM_GCC_541\Debug\main.o (Opamp_Start)
.\CortexM3\ARM_GCC_541\Debug\Design01.a(DIRECCION.o)
                              .\CortexM3\ARM_GCC_541\Debug\main.o (DIRECCION_Read)
.\CortexM3\ARM_GCC_541\Debug\Design01.a(I2C.o)
                              .\CortexM3\ARM_GCC_541\Debug\SSD1306.o (I2C_Start)
.\CortexM3\ARM_GCC_541\Debug\Design01.a(I2C_INT.o)
                              .\CortexM3\ARM_GCC_541\Debug\Design01.a(I2C.o) (I2C_ISR)
.\CortexM3\ARM_GCC_541\Debug\Design01.a(I2C_PM.o)
                              .\CortexM3\ARM_GCC_541\Debug\Design01.a(I2C.o) (I2C_backup)
.\CortexM3\ARM_GCC_541\Debug\Design01.a(I2C_MASTER.o)
                              .\CortexM3\ARM_GCC_541\Debug\Design01.a(I2C.o) (I2C_mstrStatus)
.\CortexM3\ARM_GCC_541\Debug\Design01.a(PWM1.o)
                              .\CortexM3\ARM_GCC_541\Debug\L298N.o (PWM1_WriteCompare)
.\CortexM3\ARM_GCC_541\Debug\Design01.a(PWM2.o)
                              .\CortexM3\ARM_GCC_541\Debug\L298N.o (PWM2_WriteCompare)
.\CortexM3\ARM_GCC_541\Debug\Design01.a(CyBootAsmGnu.o)
                              .\CortexM3\ARM_GCC_541\Debug\cyfitter_cfg.o (CyDelayCycles)
.\CortexM3\ARM_GCC_541\Debug\Design01.a(CyFlash.o)
                              .\CortexM3\ARM_GCC_541\Debug\Design01.a(cyPm.o) (CyFlash_SetWaitCycles)
.\CortexM3\ARM_GCC_541\Debug\Design01.a(CySpc.o)
                              .\CortexM3\ARM_GCC_541\Debug\Design01.a(CyFlash.o) (CySpcStart)
c:/program files (x86)/cypress/psoc creator/4.4/psoc creator/import/gnu/arm/5.4.1/bin/../lib/gcc/arm-none-eabi/5.4.1/armv7-m\libgcc.a(_arm_addsubdf3.o)
                              .\CortexM3\ARM_GCC_541\Debug\main.o (__aeabi_i2d)
c:/program files (x86)/cypress/psoc creator/4.4/psoc creator/import/gnu/arm/5.4.1/bin/../lib/gcc/arm-none-eabi/5.4.1/armv7-m\libgcc.a(_arm_muldivdf3.o)
                              .\CortexM3\ARM_GCC_541\Debug\main.o (__aeabi_dmul)
c:/program files (x86)/cypress/psoc creator/4.4/psoc creator/import/gnu/arm/5.4.1/bin/../lib/gcc/arm-none-eabi/5.4.1/armv7-m\libgcc.a(_arm_cmpdf2.o)
                              .\CortexM3\ARM_GCC_541\Debug\Design01.a(ADC.o) (__aeabi_dcmpgt)
c:/program files (x86)/cypress/psoc creator/4.4/psoc creator/import/gnu/arm/5.4.1/bin/../lib/gcc/arm-none-eabi/5.4.1/armv7-m\libgcc.a(_arm_fixunsdfsi.o)
                              .\CortexM3\ARM_GCC_541\Debug\main.o (__aeabi_d2uiz)
c:/program files (x86)/cypress/psoc creator/4.4/psoc creator/import/gnu/arm/5.4.1/bin/../lib/gcc/arm-none-eabi/5.4.1/armv7-m\libgcc.a(_arm_truncdfsf2.o)
                              .\CortexM3\ARM_GCC_541\Debug\main.o (__aeabi_d2f)
c:/program files (x86)/cypress/psoc creator/4.4/psoc creator/import/gnu/arm/5.4.1/bin/../lib/gcc/arm-none-eabi/5.4.1/armv7-m\libgcc.a(_arm_addsubsf3.o)
                              .\CortexM3\ARM_GCC_541\Debug\Design01.a(ADC.o) (__aeabi_ui2f)
c:/program files (x86)/cypress/psoc creator/4.4/psoc creator/import/gnu/arm/5.4.1/bin/../lib/gcc/arm-none-eabi/5.4.1/armv7-m\libgcc.a(_arm_muldivsf3.o)
                              .\CortexM3\ARM_GCC_541\Debug\Design01.a(ADC.o) (__aeabi_fmul)
c:/program files (x86)/cypress/psoc creator/4.4/psoc creator/import/gnu/arm/5.4.1/bin/../lib/gcc/arm-none-eabi/5.4.1/armv7-m\libgcc.a(_arm_fixunssfsi.o)
                              .\CortexM3\ARM_GCC_541\Debug\Design01.a(ADC.o) (__aeabi_f2uiz)
c:/program files (x86)/cypress/psoc creator/4.4/psoc creator/import/gnu/arm/5.4.1/bin/../lib/gcc/arm-none-eabi/5.4.1/../../../../arm-none-eabi/lib/armv7-m\libg_nano.a(lib_a-errno.o)
[...]
Memory Configuration

Name             Origin             Length             Attributes
rom              0x00000000         0x00040000         xr
ram              0x1fff8000         0x00010000         xrw
*default*        0x00000000         0xffffffff

Linker script and memory map

LOAD c:/program files (x86)/cypress/psoc creator/4.4/psoc creator/import/gnu/arm/5.4.1/bin/../lib/gcc/arm-none-eabi/5.4.1/armv7-m/crti.o
LOAD c:/program files (x86)/cypress/psoc creator/4.4/psoc creator/import/gnu/arm/5.4.1/bin/../lib/gcc/arm-none-eabi/5.4.1/armv7-m/crtbegin.o
LOAD c:/program files (x86)/cypress/psoc creator/4.4/psoc creator/import/gnu/arm/5.4.1/bin/../lib/gcc/arm-none-eabi/5.4.1/../../../../arm-none-eabi/lib/armv7-m/crt0.o
START GROUP
LOAD .\CortexM3\ARM_GCC_541\Debug\uart_utils.o
LOAD .\CortexM3\ARM_GCC_541\Debug\L298N.o
LOAD .\CortexM3\ARM_GCC_541\Debug\SSD1306.o
LOAD .\CortexM3\ARM_GCC_541\Debug\font8x8.o
LOAD .\CortexM3\ARM_GCC_541\Debug\main.o
LOAD .\CortexM3\ARM_GCC_541\Debug\cyfitter_cfg.o
LOAD .\CortexM3\ARM_GCC_541\Debug\cymetadata.o
LOAD .\CortexM3\ARM_GCC_541\Debug\Cm3Start.o
LOAD .\CortexM3\ARM_GCC_541\Debug\Design01.a
LOAD C:\Program Files (x86)\Cypress\PSoC Creator\4.4\PSoC Creator\psoc\content\cycomponentlibrary\CyComponentLibrary.cylib\CortexM3\ARM_GCC_541\Debug\CyComponentLibrary.a
END GROUP
START GROUP
LOAD c:/program files (x86)/cypress/psoc creator/4.4/psoc creator/import/gnu/arm/5.4.1/bin/../lib/gcc/arm-none-eabi/5.4.1/armv7-m\libgcc.a
LOAD c:/program files (x86)/cypress/psoc creator/4.4/psoc creator/import/gnu/arm/5.4.1/bin/../lib/gcc/arm-none-eabi/5.4.1/../../../../arm-none-eabi/lib/armv7-m\libg_nano.a
LOAD c:/program files (x86)/cypress/psoc creator/4.4/psoc creator/import/gnu/arm/5.4.1/bin/../lib/gcc/arm-none-eabi/5.4.1/../../../../arm-none-eabi/lib/armv7-m\libc_nano.a
END GROUP
START GROUP
LOAD c:/program files (x86)/cypress/psoc creator/4.4/psoc creator/import/gnu/arm/5.4.1/bin/../lib/gcc/arm-none-eabi/5.4.1/armv7-m\libgcc.a
LOAD c:/program files (x86)/cypress/psoc creator/4.4/psoc creator/import/gnu/arm/5.4.1/bin/../lib/gcc/arm-none-eabi/5.4.1/../../../../arm-none-eabi/lib/armv7-m\libc_nano.a
END GROUP
LOAD c:/program files (x86)/cypress/psoc creator/4.4/psoc creator/import/gnu/arm/5.4.1/bin/../lib/gcc/arm-none-eabi/5.4.1/armv7-m/crtend.o
LOAD c:/program files (x86)/cypress/psoc creator/4.4/psoc creator/import/gnu/arm/5.4.1/bin/../lib/gcc/arm-none-eabi/5.4.1/armv7-m/crtn.o
START GROUP
LOAD c:/program files (x86)/cypress/psoc creator/4.4/psoc creator/import/gnu/arm/5.4.1/bin/../lib/gcc/arm-none-eabi/5.4.1/armv7-m\libgcc.a
LOAD c:/program files (x86)/cypress/psoc creator/4.4/psoc creator/import/gnu/arm/5.4.1/bin/../lib/gcc/arm-none-eabi/5.4.1/../../../../arm-none-eabi/lib/armv7-m\libc.a
LOAD c:/program files (x86)/cypress/psoc creator/4.4/psoc creator/import/gnu/arm/5.4.1/bin/../lib/gcc/arm-none-eabi/5.4.1/../../../../arm-none-eabi/lib/armv7-m\libnosys.a
END GROUP
                0x00000000                CY_APPL_ORIGIN = 0x0
                0x00000100                CY_FLASH_ROW_SIZE = 0x100
                0x00000020                CY_ECC_ROW_SIZE = 0x20
                0x00000000                CY_EE_IN_BTLDR = 0x0
                0x00000000                CY_APPL_LOADABLE = 0x0
                0x00000800                CY_EE_SIZE = 0x800
                0x00000001                CY_APPL_NUM = 0x1
                0x00000001                CY_APPL_MAX = 0x1
                0x00000040                CY_METADATA_SIZE = 0x40
                0x00000000                CY_APPL_LOADABLE = 0x0
                0x00000000                CY_CHECKSUM_EXCLUDE_SIZE = ALIGN (0x0, CY_FLASH_ROW_SIZE)
                [!provide]                PROVIDE (__cy_heap_start, _end)
                0x00000001                PROVIDE (__cy_region_num, ((__cy_regions_end - __cy_regions) / 0x10))
                0x20008000                PROVIDE (__cy_stack, (ORIGIN (ram) + LENGTH (ram)))
                [!provide]                PROVIDE (__cy_heap_end, (__cy_stack - 0x800))

.cybootloader   0x00000000        0x0
 *(.cybootloader)
                0x00000000                appl1_start = CY_APPL_ORIGIN?CY_APPL_ORIGIN:ALIGN (CY_FLASH_ROW_SIZE)
                0x0001ff00                appl2_start = (appl1_start + ALIGN ((((LENGTH (rom) - appl1_start) - (0x2 * CY_FLASH_ROW_SIZE)) / 0x2), CY_FLASH_ROW_SIZE))
                0x00000000                appl_start = (CY_APPL_NUM == 0x1)?appl1_start:appl2_start
                0x00000000                ecc_offset = ((appl_start / CY_FLASH_ROW_SIZE) * CY_ECC_ROW_SIZE)
                0x00000000                ee_offset = (CY_APPL_LOADABLE && ! (CY_EE_IN_BTLDR))?((CY_EE_SIZE / CY_APPL_MAX) * (CY_APPL_NUM - 0x1)):0x0
                0x00000800                ee_size = (CY_APPL_LOADABLE && ! (CY_EE_IN_BTLDR))?(CY_EE_SIZE / CY_APPL_MAX):CY_EE_SIZE
                [!provide]                PROVIDE (CY_ECC_OFFSET, ecc_offset)

.text           0x00000000     0x42e4
 CREATE_OBJECT_SYMBOLS
                0x00000000                PROVIDE (__cy_interrupt_vector, RomVectors)
 *(.romvectors)
 .romvectors    0x00000000       0x10 .\CortexM3\ARM_GCC_541\Debug\Cm3Start.o
                0x00000000                RomVectors
                0x00000001                ASSERT ((. != __cy_interrupt_vector), No interrupt vector)
                0x00000001                ASSERT (CY_APPL_ORIGIN?(SIZEOF (.cybootloader) <= CY_APPL_ORIGIN):0x1, Wrong image location)
                0x00000010                PROVIDE (__cy_reset, Reset)
 *(.text.Reset)
 .text.Reset    0x00000010       0x18 .\CortexM3\ARM_GCC_541\Debug\Cm3Start.o
                0x00000010                Reset
                0x00000001                ASSERT ((. != __cy_reset), No reset code)
 *(.dma_init)
                0x00000001                ASSERT ((((appl_start + .) <= 0x10000) || 0x1), DMA Init must be within the first 64k of flash)
 *(.text .text.* .gnu.linkonce.t.*)
 .text          0x00000028       0x5c c:/program files (x86)/cypress/psoc creator/4.4/psoc creator/import/gnu/arm/5.4.1/bin/../lib/gcc/arm-none-eabi/5.4.1/armv7-m/crtbegin.o
 .text.L298N_Init
                0x00000084       0x10 .\CortexM3\ARM_GCC_541\Debug\L298N.o
                0x00000084                L298N_Init
 .text.L298N_Forward
                0x00000094       0x10 .\CortexM3\ARM_GCC_541\Debug\L298N.o
                0x00000094                L298N_Forward
 .text.L298N_Backward
                0x000000a4       0x14 .\CortexM3\ARM_GCC_541\Debug\L298N.o
                0x000000a4                L298N_Backward
 .text.L298N_Stop
                0x000000b8       0x10 .\CortexM3\ARM_GCC_541\Debug\L298N.o
                0x000000b8                L298N_Stop
 .text.SSD1306_Init
                0x000000c8       0x34 .\CortexM3\ARM_GCC_541\Debug\SSD1306.o
                0x000000c8                SSD1306_Init
 .text.SSD1306_WriteChar
                0x000000fc       0x64 .\CortexM3\ARM_GCC_541\Debug\SSD1306.o
                0x000000fc                SSD1306_WriteChar
 .text.SSD1306_WriteString
                0x00000160       0x14 .\CortexM3\ARM_GCC_541\Debug\SSD1306.o
                0x00000160                SSD1306_WriteString
 .text.SSD1306_SetCursor
                0x00000174       0x58 .\CortexM3\ARM_GCC_541\Debug\SSD1306.o
                0x00000174                SSD1306_SetCursor
 .text.SSD1306_Clear
                0x000001cc       0x50 .\CortexM3\ARM_GCC_541\Debug\SSD1306.o
                0x000001cc                SSD1306_Clear
 .text.init     0x0000021c       0x40 .\CortexM3\ARM_GCC_541\Debug\main.o
                0x0000021c                init
 *fill*         0x0000025c        0x4 
 .text.printData
                0x00000260      0x15c .\CortexM3\ARM_GCC_541\Debug\main.o
                0x00000260                printData
 *fill*         0x000003bc        0x4 
 .text.actualizarPWM
                0x000003c0       0x78 .\CortexM3\ARM_GCC_541\Debug\main.o
                0x000003c0                actualizarPWM
 .text.controlDireccion
                0x00000438       0xcc .\CortexM3\ARM_GCC_541\Debug\main.o
                0x00000438                controlDireccion
 .text.main     0x00000504       0x20 .\CortexM3\ARM_GCC_541\Debug\main.o
                0x00000504                main
 .text.CyClockStartupError
                0x00000524        0x4 .\CortexM3\ARM_GCC_541\Debug\cyfitter_cfg.o
 .text.cfg_write_bytes32
                0x00000528       0x34 .\CortexM3\ARM_GCC_541\Debug\cyfitter_cfg.o
 .text.AnalogSetDefault
                0x0000055c       0x48 .\CortexM3\ARM_GCC_541\Debug\cyfitter_cfg.o
 .text.CYMEMZERO
                0x000005a4        0xc .\CortexM3\ARM_GCC_541\Debug\cyfitter_cfg.o
 .text.CYCONFIGCPY
                0x000005b0        0x8 .\CortexM3\ARM_GCC_541\Debug\cyfitter_cfg.o
 .text.ClockSetup
                0x000005b8      0x110 .\CortexM3\ARM_GCC_541\Debug\cyfitter_cfg.o
 .text.ADC_AMux_Set
                0x000006c8       0x1c .\CortexM3\ARM_GCC_541\Debug\cyfitter_cfg.o
                0x000006c8                ADC_AMux_Set
 .text.ADC_AMux_Unset
                0x000006e4       0x1c .\CortexM3\ARM_GCC_541\Debug\cyfitter_cfg.o
                0x000006e4                ADC_AMux_Unset
 .text.cyfitter_cfg
                0x00000700      0x12c .\CortexM3\ARM_GCC_541\Debug\cyfitter_cfg.o
                0x00000700                cyfitter_cfg
 .text.IntDefaultHandler
                0x0000082c       0x10 .\CortexM3\ARM_GCC_541\Debug\Cm3Start.o
                0x0000082c                IntDefaultHandler
 .text._sbrk    0x0000083c       0x30 .\CortexM3\ARM_GCC_541\Debug\Cm3Start.o
                0x0000083c                _sbrk
 .text.Start_c  0x0000086c       0x4c .\CortexM3\ARM_GCC_541\Debug\Cm3Start.o
                0x0000086c                Start_c
 .text.initialize_psoc
                0x000008b8       0x68 .\CortexM3\ARM_GCC_541\Debug\Cm3Start.o
                0x000008b8                initialize_psoc
 .text.CyHalt   0x00000920        0x4 .\CortexM3\ARM_GCC_541\Debug\Design01.a(CyLib.o)
                0x00000920                CyHalt
 .text.CyDelay  0x00000924       0x2c .\CortexM3\ARM_GCC_541\Debug\Design01.a(CyLib.o)
                0x00000924                CyDelay
 .text.CyDelayUs
                0x00000950       0x14 .\CortexM3\ARM_GCC_541\Debug\Design01.a(CyLib.o)
                0x00000950                CyDelayUs
 .text.CyIntSetVector
                0x00000964       0x28 .\CortexM3\ARM_GCC_541\Debug\Design01.a(CyLib.o)
                0x00000964                CyIntSetVector
 .text.CyIntSetPriority
                0x0000098c       0x30 .\CortexM3\ARM_GCC_541\Debug\Design01.a(CyLib.o)
                0x0000098c                CyIntSetPriority
 .text.UART_Init
                0x000009bc       0x24 .\CortexM3\ARM_GCC_541\Debug\Design01.a(UART.o)
                0x000009bc                UART_Init
 .text.UART_Enable
                0x000009e0       0x38 .\CortexM3\ARM_GCC_541\Debug\Design01.a(UART.o)
                0x000009e0                UART_Enable
 .text.UART_Start
                0x00000a18       0x1c .\CortexM3\ARM_GCC_541\Debug\Design01.a(UART.o)
                0x00000a18                UART_Start
 .text.UART_PutChar
                0x00000a34       0x18 .\CortexM3\ARM_GCC_541\Debug\Design01.a(UART.o)
                0x00000a34                UART_PutChar
 .text.UART_PutString
                0x00000a4c       0x24 .\CortexM3\ARM_GCC_541\Debug\Design01.a(UART.o)
                0x00000a4c                UART_PutString
 .text.ADC_GainCompensation
                0x00000a70       0xdc .\CortexM3\ARM_GCC_541\Debug\Design01.a(ADC.o)
 .text.ADC_SetDSMRef0Reg
                0x00000b4c       0x4c .\CortexM3\ARM_GCC_541\Debug\Design01.a(ADC.o)
 .text.ADC_InitConfig
                0x00000b98       0xe8 .\CortexM3\ARM_GCC_541\Debug\Design01.a(ADC.o)
 .text.ADC_Init
                0x00000c80       0xc4 .\CortexM3\ARM_GCC_541\Debug\Design01.a(ADC.o)
                0x00000c80                ADC_Init
 .text.ADC_Enable
                0x00000d44       0xd8 .\CortexM3\ARM_GCC_541\Debug\Design01.a(ADC.o)
                0x00000d44                ADC_Enable
 .text.ADC_Start
                0x00000e1c       0x28 .\CortexM3\ARM_GCC_541\Debug\Design01.a(ADC.o)
                0x00000e1c                ADC_Start
 .text.ADC_StartConvert
                0x00000e44       0x10 .\CortexM3\ARM_GCC_541\Debug\Design01.a(ADC.o)
                0x00000e44                ADC_StartConvert
 .text.ADC_IsEndConversion
                0x00000e54       0x30 .\CortexM3\ARM_GCC_541\Debug\Design01.a(ADC.o)
                0x00000e54                ADC_IsEndConversion
 .text.ADC_GetResult32
                0x00000e84       0x6c .\CortexM3\ARM_GCC_541\Debug\Design01.a(ADC.o)
                0x00000e84                ADC_GetResult32
 .text.ADC_ISR1
                0x00000ef0        0x4 .\CortexM3\ARM_GCC_541\Debug\Design01.a(ADC_INT.o)
                0x00000ef0                ADC_ISR1
 .text.UART_IntClock_Start
                0x00000ef4       0x1c .\CortexM3\ARM_GCC_541\Debug\Design01.a(UART_IntClock.o)
                0x00000ef4                UART_IntClock_Start
 .text.ADC_AMux_Start
                0x00000f10       0x20 .\CortexM3\ARM_GCC_541\Debug\Design01.a(ADC_AMux.o)
                0x00000f10                ADC_AMux_Start
 .text.ADC_AMux_Select
                0x00000f30       0x18 .\CortexM3\ARM_GCC_541\Debug\Design01.a(ADC_AMux.o)
                0x00000f30                ADC_AMux_Select
 .text.ADC_Ext_CP_Clk_GetDividerRegister
                0x00000f48        0xc .\CortexM3\ARM_GCC_541\Debug\Design01.a(ADC_Ext_CP_Clk.o)
                0x00000f48                ADC_Ext_CP_Clk_GetDividerRegister
 .text.ADC_Ext_CP_Clk_SetModeRegister
                0x00000f54       0x14 .\CortexM3\ARM_GCC_541\Debug\Design01.a(ADC_Ext_CP_Clk.o)
                0x00000f54                ADC_Ext_CP_Clk_SetModeRegister
 .text.ADC_Ext_CP_Clk_GetSourceRegister
                0x00000f68       0x10 .\CortexM3\ARM_GCC_541\Debug\Design01.a(ADC_Ext_CP_Clk.o)
                0x00000f68                ADC_Ext_CP_Clk_GetSourceRegister
 .text.ADC_Ext_CP_Clk_SetDividerRegister
                0x00000f78       0xd8 .\CortexM3\ARM_GCC_541\Debug\Design01.a(ADC_Ext_CP_Clk.o)
                0x00000f78                ADC_Ext_CP_Clk_SetDividerRegister
 .text.ADC_theACLK_GetDividerRegister
                0x00001050        0xc .\CortexM3\ARM_GCC_541\Debug\Design01.a(ADC_theACLK.o)
                0x00001050                ADC_theACLK_GetDividerRegister
 .text.ADC_theACLK_SetModeRegister
                0x0000105c       0x14 .\CortexM3\ARM_GCC_541\Debug\Design01.a(ADC_theACLK.o)
                0x0000105c                ADC_theACLK_SetModeRegister
 .text.ADC_theACLK_GetSourceRegister
                0x00001070       0x10 .\CortexM3\ARM_GCC_541\Debug\Design01.a(ADC_theACLK.o)
                0x00001070                ADC_theACLK_GetSourceRegister
 .text.ADC_theACLK_SetDividerRegister
                0x00001080       0xd8 .\CortexM3\ARM_GCC_541\Debug\Design01.a(ADC_theACLK.o)
                0x00001080                ADC_theACLK_SetDividerRegister
 .text.Opamp_Enable
                0x00001158       0x28 .\CortexM3\ARM_GCC_541\Debug\Design01.a(Opamp.o)
                0x00001158                Opamp_Enable
 .text.Opamp_SetPower
                0x00001180       0x1c .\CortexM3\ARM_GCC_541\Debug\Design01.a(Opamp.o)
                0x00001180                Opamp_SetPower
 .text.Opamp_Init
                0x0000119c        0xc .\CortexM3\ARM_GCC_541\Debug\Design01.a(Opamp.o)
                0x0000119c                Opamp_Init
 .text.Opamp_Start
                0x000011a8       0x1c .\CortexM3\ARM_GCC_541\Debug\Design01.a(Opamp.o)
                0x000011a8                Opamp_Start
 .text.DIRECCION_Read
                0x000011c4       0x10 .\CortexM3\ARM_GCC_541\Debug\Design01.a(DIRECCION.o)
                0x000011c4                DIRECCION_Read
 .text.I2C_Init
                0x000011d4       0x68 .\CortexM3\ARM_GCC_541\Debug\Design01.a(I2C.o)
                0x000011d4                I2C_Init
 .text.I2C_Enable
                0x0000123c       0x24 .\CortexM3\ARM_GCC_541\Debug\Design01.a(I2C.o)
                0x0000123c                I2C_Enable
 .text.I2C_Start
                0x00001260       0x28 .\CortexM3\ARM_GCC_541\Debug\Design01.a(I2C.o)
                0x00001260                I2C_Start
 .text.I2C_ISR  0x00001288      0x2d0 .\CortexM3\ARM_GCC_541\Debug\Design01.a(I2C_INT.o)
                0x00001288                I2C_ISR
 .text.I2C_MasterSendStart
                0x00001558       0x80 .\CortexM3\ARM_GCC_541\Debug\Design01.a(I2C_MASTER.o)
                0x00001558                I2C_MasterSendStart
 .text.I2C_MasterSendStop
                0x000015d8       0x38 .\CortexM3\ARM_GCC_541\Debug\Design01.a(I2C_MASTER.o)
                0x000015d8                I2C_MasterSendStop
 .text.I2C_MasterWriteByte
                0x00001610       0x58 .\CortexM3\ARM_GCC_541\Debug\Design01.a(I2C_MASTER.o)
                0x00001610                I2C_MasterWriteByte
 .text.PWM1_Enable
                0x00001668       0x10 .\CortexM3\ARM_GCC_541\Debug\Design01.a(PWM1.o)
                0x00001668                PWM1_Enable
 .text.PWM1_WriteCounter
                0x00001678        0xc .\CortexM3\ARM_GCC_541\Debug\Design01.a(PWM1.o)
                0x00001678                PWM1_WriteCounter
 .text.PWM1_WritePeriod
                0x00001684        0xc .\CortexM3\ARM_GCC_541\Debug\Design01.a(PWM1.o)
                0x00001684                PWM1_WritePeriod
 .text.PWM1_WriteCompare
                0x00001690        0xc .\CortexM3\ARM_GCC_541\Debug\Design01.a(PWM1.o)
                0x00001690                PWM1_WriteCompare
 .text.PWM1_SetInterruptMode
                0x0000169c        0xc .\CortexM3\ARM_GCC_541\Debug\Design01.a(PWM1.o)
                0x0000169c                PWM1_SetInterruptMode
 .text.PWM1_ReadStatusRegister
                0x000016a8        0xc .\CortexM3\ARM_GCC_541\Debug\Design01.a(PWM1.o)
                0x000016a8                PWM1_ReadStatusRegister
 .text.PWM1_ReadCapture
                0x000016b4        0xc .\CortexM3\ARM_GCC_541\Debug\Design01.a(PWM1.o)
                0x000016b4                PWM1_ReadCapture
 .text.PWM1_ClearFIFO
                0x000016c0       0x14 .\CortexM3\ARM_GCC_541\Debug\Design01.a(PWM1.o)
                0x000016c0                PWM1_ClearFIFO
 .text.PWM1_Init
                0x000016d4       0x50 .\CortexM3\ARM_GCC_541\Debug\Design01.a(PWM1.o)
                0x000016d4                PWM1_Init
 .text.PWM1_Start
                0x00001724       0x1c .\CortexM3\ARM_GCC_541\Debug\Design01.a(PWM1.o)
                0x00001724                PWM1_Start
 .text.PWM2_Enable
                0x00001740       0x10 .\CortexM3\ARM_GCC_541\Debug\Design01.a(PWM2.o)
                0x00001740                PWM2_Enable
 .text.PWM2_WriteCounter
                0x00001750        0xc .\CortexM3\ARM_GCC_541\Debug\Design01.a(PWM2.o)
                0x00001750                PWM2_WriteCounter
 .text.PWM2_WritePeriod
                0x0000175c        0xc .\CortexM3\ARM_GCC_541\Debug\Design01.a(PWM2.o)
                0x0000175c                PWM2_WritePeriod
 .text.PWM2_WriteCompare
                0x00001768        0xc .\CortexM3\ARM_GCC_541\Debug\Design01.a(PWM2.o)
                0x00001768                PWM2_WriteCompare
 .text.PWM2_SetInterruptMode
                0x00001774        0xc .\CortexM3\ARM_GCC_541\Debug\Design01.a(PWM2.o)
                0x00001774                PWM2_SetInterruptMode
 .text.PWM2_ReadStatusRegister
                0x00001780        0xc .\CortexM3\ARM_GCC_541\Debug\Design01.a(PWM2.o)
                0x00001780                PWM2_ReadStatusRegister
 .text.PWM2_ReadCapture
                0x0000178c        0xc .\CortexM3\ARM_GCC_541\Debug\Design01.a(PWM2.o)
                0x0000178c                PWM2_ReadCapture
 .text.PWM2_ClearFIFO
                0x00001798       0x14 .\CortexM3\ARM_GCC_541\Debug\Design01.a(PWM2.o)
                0x00001798                PWM2_ClearFIFO
 .text.PWM2_Init
                0x000017ac       0x50 .\CortexM3\ARM_GCC_541\Debug\Design01.a(PWM2.o)
                0x000017ac                PWM2_Init
 .text.PWM2_Start
                0x000017fc       0x1c .\CortexM3\ARM_GCC_541\Debug\Design01.a(PWM2.o)
                0x000017fc                PWM2_Start
 .text          0x00001818       0x20 .\CortexM3\ARM_GCC_541\Debug\Design01.a(CyBootAsmGnu.o)
                0x00001818                CyDelayCycles
                0x00001828                CyEnterCriticalSection
                0x00001830                CyExitCriticalSection
 .text          0x00001838      0x370 c:/program files (x86)/cypress/psoc creator/4.4/psoc creator/import/gnu/arm/5.4.1/bin/../lib/gcc/arm-none-eabi/5.4.1/armv7-m\libgcc.a(_arm_addsubdf3.o)
                0x00001838                __aeabi_drsub
                0x00001840                __aeabi_dsub
                0x00001840                __subdf3
                0x00001844                __aeabi_dadd
                0x00001844                __adddf3
                0x00001abc                __floatunsidf
                0x00001abc                __aeabi_ui2d
                0x00001adc                __floatsidf
                0x00001adc                __aeabi_i2d
                0x00001b00                __aeabi_f2d
                0x00001b00                __extendsfdf2
                0x00001b3c                __floatundidf
                0x00001b3c                __aeabi_ul2d
                0x00001b4c                __floatdidf
                0x00001b4c                __aeabi_l2d
 .text          0x00001ba8      0x424 c:/program files (x86)/cypress/psoc creator/4.4/psoc creator/import/gnu/arm/5.4.1/bin/../lib/gcc/arm-none-eabi/5.4.1/armv7-m\libgcc.a(_arm_muldivdf3.o)
                0x00001ba8                __aeabi_dmul
                0x00001ba8                __muldf3
                0x00001dfc                __divdf3
                0x00001dfc                __aeabi_ddiv
 .text          0x00001fcc      0x110 c:/program files (x86)/cypress/psoc creator/4.4/psoc creator/import/gnu/arm/5.4.1/bin/../lib/gcc/arm-none-eabi/5.4.1/armv7-m\libgcc.a(_arm_cmpdf2.o)
                0x00001fcc                __gtdf2
                0x00001fcc                __gedf2
                0x00001fd4                __ltdf2
                0x00001fd4                __ledf2
                0x00001fdc                __nedf2
                0x00001fdc                __eqdf2
                0x00001fdc                __cmpdf2
                0x00002058                __aeabi_cdrcmple
                0x00002068                __aeabi_cdcmpeq
                0x00002068                __aeabi_cdcmple
                0x00002078                __aeabi_dcmpeq
                0x0000208c                __aeabi_dcmplt
                0x000020a0                __aeabi_dcmple
                0x000020b4                __aeabi_dcmpge
                0x000020c8                __aeabi_dcmpgt
 .text          0x000020dc       0x40 c:/program files (x86)/cypress/psoc creator/4.4/psoc creator/import/gnu/arm/5.4.1/bin/../lib/gcc/arm-none-eabi/5.4.1/armv7-m\libgcc.a(_arm_fixunsdfsi.o)
                0x000020dc                __aeabi_d2uiz
                0x000020dc                __fixunsdfsi
 .text          0x0000211c       0xa0 c:/program files (x86)/cypress/psoc creator/4.4/psoc creator/import/gnu/arm/5.4.1/bin/../lib/gcc/arm-none-eabi/5.4.1/armv7-m\libgcc.a(_arm_truncdfsf2.o)
                0x0000211c                __truncdfsf2
                0x0000211c                __aeabi_d2f
 .text.__errno  0x000021bc        0xc c:/program files (x86)/cypress/psoc creator/4.4/psoc creator/import/gnu/arm/5.4.1/bin/../lib/gcc/arm-none-eabi/5.4.1/../../../../arm-none-eabi/lib/armv7-m\libg_nano.a(lib_a-errno.o)
                0x000021bc                __errno
 .text.__libc_init_array
                0x000021c8       0x4c c:/program files (x86)/cypress/psoc creator/4.4/psoc creator/import/gnu/arm/5.4.1/bin/../lib/gcc/arm-none-eabi/5.4.1/../../../../arm-none-eabi/lib/armv7-m\libg_nano.a(lib_a-init.o)
                0x000021c8                __libc_init_array
 .text.memcpy   0x00002214       0x16 c:/program files (x86)/cypress/psoc creator/4.4/psoc creator/import/gnu/arm/5.4.1/bin/../lib/gcc/arm-none-eabi/5.4.1/../../../../arm-none-eabi/lib/armv7-m\libg_nano.a(lib_a-memcpy-stub.o)
                0x00002214                memcpy
 .text.memset   0x0000222a       0x10 c:/program files (x86)/cypress/psoc creator/4.4/psoc creator/import/gnu/arm/5.4.1/bin/../lib/gcc/arm-none-eabi/5.4.1/../../../../arm-none-eabi/lib/armv7-m\libg_nano.a(lib_a-memset.o)
                0x0000222a                memset
 .text.__cvt    0x0000223a       0xc0 c:/program files (x86)/cypress/psoc creator/4.4/psoc creator/import/gnu/arm/5.4.1/bin/../lib/gcc/arm-none-eabi/5.4.1/../../../../arm-none-eabi/lib/armv7-m\libg_nano.a(lib_a-nano-vfprintf_float.o)
                0x0000223a                __cvt
 .text.__exponent
                0x000022fa       0x62 c:/program files (x86)/cypress/psoc creator/4.4/psoc creator/import/gnu/arm/5.4.1/bin/../lib/gcc/arm-none-eabi/5.4.1/../../../../arm-none-eabi/lib/armv7-m\libg_nano.a(lib_a-nano-vfprintf_float.o)
                0x000022fa                __exponent
 .text._printf_float
                0x0000235c      0x488 c:/program files (x86)/cypress/psoc creator/4.4/psoc creator/import/gnu/arm/5.4.1/bin/../lib/gcc/arm-none-eabi/5.4.1/../../../../arm-none-eabi/lib/armv7-m\libg_nano.a(lib_a-nano-vfprintf_float.o)
                0x0000235c                _printf_float
 .text._printf_common
                0x000027e4       0xec c:/program files (x86)/cypress/psoc creator/4.4/psoc creator/import/gnu/arm/5.4.1/bin/../lib/gcc/arm-none-eabi/5.4.1/../../../../arm-none-eabi/lib/armv7-m\libg_nano.a(lib_a-nano-vfprintf_i.o)
                0x000027e4                _printf_common
 .text._printf_i
                0x000028d0      0x24c c:/program files (x86)/cypress/psoc creator/4.4/psoc creator/import/gnu/arm/5.4.1/bin/../lib/gcc/arm-none-eabi/5.4.1/../../../../arm-none-eabi/lib/armv7-m\libg_nano.a(lib_a-nano-vfprintf_i.o)
                0x000028d0                _printf_i
 .text.sprintf  0x00002b1c       0x48 c:/program files (x86)/cypress/psoc creator/4.4/psoc creator/import/gnu/arm/5.4.1/bin/../lib/gcc/arm-none-eabi/5.4.1/../../../../arm-none-eabi/lib/armv7-m\libg_nano.a(lib_a-sprintf.o)
                0x00002b1c                siprintf
                0x00002b1c                sprintf
 .text          0x00002b64       0x10 c:/program files (x86)/cypress/psoc creator/4.4/psoc creator/import/gnu/arm/5.4.1/bin/../lib/gcc/arm-none-eabi/5.4.1/../../../../arm-none-eabi/lib/armv7-m\libg_nano.a(lib_a-strlen.o)
                0x00002b64                strlen
 .text.quorem   0x00002b74      0x116 c:/program files (x86)/cypress/psoc creator/4.4/psoc creator/import/gnu/arm/5.4.1/bin/../lib/gcc/arm-none-eabi/5.4.1/../../../../arm-none-eabi/lib/armv7-m\libg_nano.a(lib_a-dtoa.o)
 *fill*         0x00002c8a        0x6 
 .text._dtoa_r  0x00002c90      0xb30 c:/program files (x86)/cypress/psoc creator/4.4/psoc creator/import/gnu/arm/5.4.1/bin/../lib/gcc/arm-none-eabi/5.4.1/../../../../arm-none-eabi/lib/armv7-m\libg_nano.a(lib_a-dtoa.o)
                0x00002c90                _dtoa_r
 .text._localeconv_r
                0x000037c0        0x8 c:/program files (x86)/cypress/psoc creator/4.4/psoc creator/import/gnu/arm/5.4.1/bin/../lib/gcc/arm-none-eabi/5.4.1/../../../../arm-none-eabi/lib/armv7-m\libg_nano.a(lib_a-locale.o)
                0x000037c0                _localeconv_r
 .text.malloc   0x000037c8       0x10 c:/program files (x86)/cypress/psoc creator/4.4/psoc creator/import/gnu/arm/5.4.1/bin/../lib/gcc/arm-none-eabi/5.4.1/../../../../arm-none-eabi/lib/armv7-m\libg_nano.a(lib_a-malloc.o)
                0x000037c8                malloc
 .text.memchr   0x000037d8       0x1c c:/program files (x86)/cypress/psoc creator/4.4/psoc creator/import/gnu/arm/5.4.1/bin/../lib/gcc/arm-none-eabi/5.4.1/../../../../arm-none-eabi/lib/armv7-m\libg_nano.a(lib_a-memchr-stub.o)
                0x000037d8                memchr
 .text._Balloc  0x000037f4       0x6a c:/program files (x86)/cypress/psoc creator/4.4/psoc creator/import/gnu/arm/5.4.1/bin/../lib/gcc/arm-none-eabi/5.4.1/../../../../arm-none-eabi/lib/armv7-m\libg_nano.a(lib_a-mprec.o)
                0x000037f4                _Balloc
 .text._Bfree   0x0000385e       0x2e c:/program files (x86)/cypress/psoc creator/4.4/psoc creator/import/gnu/arm/5.4.1/bin/../lib/gcc/arm-none-eabi/5.4.1/../../../../arm-none-eabi/lib/armv7-m\libg_nano.a(lib_a-mprec.o)
                0x0000385e                _Bfree
 .text.__multadd
                0x0000388c       0x76 c:/program files (x86)/cypress/psoc creator/4.4/psoc creator/import/gnu/arm/5.4.1/bin/../lib/gcc/arm-none-eabi/5.4.1/../../../../arm-none-eabi/lib/armv7-m\libg_nano.a(lib_a-mprec.o)
                0x0000388c                __multadd
 .text.__hi0bits
                0x00003902       0x40 c:/program files (x86)/cypress/psoc creator/4.4/psoc creator/import/gnu/arm/5.4.1/bin/../lib/gcc/arm-none-eabi/5.4.1/../../../../arm-none-eabi/lib/armv7-m\libg_nano.a(lib_a-mprec.o)
                0x00003902                __hi0bits
 .text.__lo0bits
                0x00003942       0x5a c:/program files (x86)/cypress/psoc creator/4.4/psoc creator/import/gnu/arm/5.4.1/bin/../lib/gcc/arm-none-eabi/5.4.1/../../../../arm-none-eabi/lib/armv7-m\libg_nano.a(lib_a-mprec.o)
                0x00003942                __lo0bits
 .text.__i2b    0x0000399c       0x12 c:/program files (x86)/cypress/psoc creator/4.4/psoc creator/import/gnu/arm/5.4.1/bin/../lib/gcc/arm-none-eabi/5.4.1/../../../../arm-none-eabi/lib/armv7-m\libg_nano.a(lib_a-mprec.o)
                0x0000399c                __i2b
 .text.__multiply
                0x000039ae      0x120 c:/program files (x86)/cypress/psoc creator/4.4/psoc creator/import/gnu/arm/5.4.1/bin/../lib/gcc/arm-none-eabi/5.4.1/../../../../arm-none-eabi/lib/armv7-m\libg_nano.a(lib_a-mprec.o)
                0x000039ae                __multiply
 *fill*         0x00003ace        0x2 
 .text.__pow5mult
                0x00003ad0       0x9c c:/program files (x86)/cypress/psoc creator/4.4/psoc creator/import/gnu/arm/5.4.1/bin/../lib/gcc/arm-none-eabi/5.4.1/../../../../arm-none-eabi/lib/armv7-m\libg_nano.a(lib_a-mprec.o)
                0x00003ad0                __pow5mult
 .text.__lshift
                0x00003b6c       0xa2 c:/program files (x86)/cypress/psoc creator/4.4/psoc creator/import/gnu/arm/5.4.1/bin/../lib/gcc/arm-none-eabi/5.4.1/../../../../arm-none-eabi/lib/armv7-m\libg_nano.a(lib_a-mprec.o)
                0x00003b6c                __lshift
 .text.__mcmp   0x00003c0e       0x38 c:/program files (x86)/cypress/psoc creator/4.4/psoc creator/import/gnu/arm/5.4.1/bin/../lib/gcc/arm-none-eabi/5.4.1/../../../../arm-none-eabi/lib/armv7-m\libg_nano.a(lib_a-mprec.o)
                0x00003c0e                __mcmp
 .text.__mdiff  0x00003c46       0xbe c:/program files (x86)/cypress/psoc creator/4.4/psoc creator/import/gnu/arm/5.4.1/bin/../lib/gcc/arm-none-eabi/5.4.1/../../../../arm-none-eabi/lib/armv7-m\libg_nano.a(lib_a-mprec.o)
                0x00003c46                __mdiff
 .text.__d2b    0x00003d04       0x9c c:/program files (x86)/cypress/psoc creator/4.4/psoc creator/import/gnu/arm/5.4.1/bin/../lib/gcc/arm-none-eabi/5.4.1/../../../../arm-none-eabi/lib/armv7-m\libg_nano.a(lib_a-mprec.o)
                0x00003d04                __d2b
 .text._calloc_r
                0x00003da0       0x1c c:/program files (x86)/cypress/psoc creator/4.4/psoc creator/import/gnu/arm/5.4.1/bin/../lib/gcc/arm-none-eabi/5.4.1/../../../../arm-none-eabi/lib/armv7-m\libg_nano.a(lib_a-nano-callocr.o)
                0x00003da0                _calloc_r
 .text._free_r  0x00003dbc       0x98 c:/program files (x86)/cypress/psoc creator/4.4/psoc creator/import/gnu/arm/5.4.1/bin/../lib/gcc/arm-none-eabi/5.4.1/../../../../arm-none-eabi/lib/armv7-m\libg_nano.a(lib_a-nano-freer.o)
                0x00003dbc                _free_r
 .text._malloc_r
                0x00003e54       0xbc c:/program files (x86)/cypress/psoc creator/4.4/psoc creator/import/gnu/arm/5.4.1/bin/../lib/gcc/arm-none-eabi/5.4.1/../../../../arm-none-eabi/lib/armv7-m\libg_nano.a(lib_a-nano-mallocr.o)
                0x00003e54                _malloc_r
 .text.__ssputs_r
                0x00003f10       0xb2 c:/program files (x86)/cypress/psoc creator/4.4/psoc creator/import/gnu/arm/5.4.1/bin/../lib/gcc/arm-none-eabi/5.4.1/../../../../arm-none-eabi/lib/armv7-m\libg_nano.a(lib_a-nano-svfprintf.o)
                0x00003f10                __ssputs_r
 *fill*         0x00003fc2        0x2 
 .text._svfprintf_r
                0x00003fc4      0x1e8 c:/program files (x86)/cypress/psoc creator/4.4/psoc creator/import/gnu/arm/5.4.1/bin/../lib/gcc/arm-none-eabi/5.4.1/../../../../arm-none-eabi/lib/armv7-m\libg_nano.a(lib_a-nano-svfprintf.o)
                0x00003fc4                _svfiprintf_r
                0x00003fc4                _svfprintf_r
 .text._sbrk_r  0x000041ac       0x20 c:/program files (x86)/cypress/psoc creator/4.4/psoc creator/import/gnu/arm/5.4.1/bin/../lib/gcc/arm-none-eabi/5.4.1/../../../../arm-none-eabi/lib/armv7-m\libg_nano.a(lib_a-sbrkr.o)
                0x000041ac                _sbrk_r
 .text.memmove  0x000041cc       0x36 c:/program files (x86)/cypress/psoc creator/4.4/psoc creator/import/gnu/arm/5.4.1/bin/../lib/gcc/arm-none-eabi/5.4.1/../../../../arm-none-eabi/lib/armv7-m\libg_nano.a(lib_a-memmove.o)
                0x000041cc                memmove
 .text.__malloc_lock
                0x00004202        0x2 c:/program files (x86)/cypress/psoc creator/4.4/psoc creator/import/gnu/arm/5.4.1/bin/../lib/gcc/arm-none-eabi/5.4.1/../../../../arm-none-eabi/lib/armv7-m\libg_nano.a(lib_a-mlock.o)
                0x00004202                __malloc_lock
 .text.__malloc_unlock
                0x00004204        0x2 c:/program files (x86)/cypress/psoc creator/4.4/psoc creator/import/gnu/arm/5.4.1/bin/../lib/gcc/arm-none-eabi/5.4.1/../../../../arm-none-eabi/lib/armv7-m\libg_nano.a(lib_a-mlock.o)
                0x00004204                __malloc_unlock
 .text._realloc_r
                0x00004206       0x4c c:/program files (x86)/cypress/psoc creator/4.4/psoc creator/import/gnu/arm/5.4.1/bin/../lib/gcc/arm-none-eabi/5.4.1/../../../../arm-none-eabi/lib/armv7-m\libg_nano.a(lib_a-nano-reallocr.o)
                0x00004206                _realloc_r
 .text._malloc_usable_size_r
                0x00004252       0x14 c:/program files (x86)/cypress/psoc creator/4.4/psoc creator/import/gnu/arm/5.4.1/bin/../lib/gcc/arm-none-eabi/5.4.1/../../../../arm-none-eabi/lib/armv7-m\libg_nano.a(lib_a-nano-msizer.o)
                0x00004252                _malloc_usable_size_r
 *fill*         0x00004266        0x2 
 .text          0x00004268       0x2c c:/program files (x86)/cypress/psoc creator/4.4/psoc creator/import/gnu/arm/5.4.1/bin/../lib/gcc/arm-none-eabi/5.4.1/armv7-m\libgcc.a(_arm_unorddf2.o)
                0x00004268                __unorddf2
                0x00004268                __aeabi_dcmpun
 .text          0x00004294       0x50 c:/program files (x86)/cypress/psoc creator/4.4/psoc creator/import/gnu/arm/5.4.1/bin/../lib/gcc/arm-none-eabi/5.4.1/armv7-m\libgcc.a(_arm_fixdfsi.o)
                0x00004294                __aeabi_d2iz
                0x00004294                __fixdfsi
 *(.plt)
 *(.gnu.warning)
 *(.glue_7t)
 .glue_7t       0x000042e4        0x0 linker stubs
 *(.glue_7)
 .glue_7        0x000042e4        0x0 linker stubs
 *(.vfp11_veneer)
 .vfp11_veneer  0x000042e4        0x0 linker stubs
 *(.bootloader)
 *(.ARM.extab* .gnu.linkonce.armextab.*)
 *(.gcc_except_table)

.v4_bx          0x000042e4        0x0
 .v4_bx         0x000042e4        0x0 linker stubs

.iplt           0x000042e4        0x0
 .iplt          0x000042e4        0x0 c:/program files (x86)/cypress/psoc creator/4.4/psoc creator/import/gnu/arm/5.4.1/bin/../lib/gcc/arm-none-eabi/5.4.1/armv7-m/crtbegin.o

.eh_frame_hdr
 *(.eh_frame_hdr)

.eh_frame       0x000042e4        0x4
 *(.eh_frame)
 .eh_frame      0x000042e4        0x0 c:/program files (x86)/cypress/psoc creator/4.4/psoc creator/import/gnu/arm/5.4.1/bin/../lib/gcc/arm-none-eabi/5.4.1/armv7-m/crtbegin.o
 .eh_frame      0x000042e4        0x4 c:/program files (x86)/cypress/psoc creator/4.4/psoc creator/import/gnu/arm/5.4.1/bin/../lib/gcc/arm-none-eabi/5.4.1/armv7-m/crtend.o
                [!provide]                PROVIDE (__exidx_start, .)

.ARM.exidx
 *(.ARM.exidx* .gnu.linkonce.armexidx.*)
                0x000042e8                __exidx_end = .

.rodata         0x000042e8      0x590
 *(.rodata .rodata.* .gnu.linkonce.r.*)
 .rodata        0x000042e8       0x19 .\CortexM3\ARM_GCC_541\Debug\SSD1306.o
 *fill*         0x00004301        0x3 
 .rodata        0x00004304      0x240 .\CortexM3\ARM_GCC_541\Debug\font8x8.o
                0x00004304                font6x8
 .rodata.str1.4
                0x00004544      0x148 .\CortexM3\ARM_GCC_541\Debug\main.o
                                0x146 (size before relaxing)
 .rodata        0x0000468c       0x58 .\CortexM3\ARM_GCC_541\Debug\cyfitter_cfg.o
                0x0000468c                ADC_AMux__addrTable
                0x00004694                ADC_AMux__maskTable
 .rodata.str1.1
                0x000046e4        0x2 c:/program files (x86)/cypress/psoc creator/4.4/psoc creator/import/gnu/arm/5.4.1/bin/../lib/gcc/arm-none-eabi/5.4.1/../../../../arm-none-eabi/lib/armv7-m\libg_nano.a(lib_a-impure.o)
 .rodata.str1.1
                0x000046e6       0x12 c:/program files (x86)/cypress/psoc creator/4.4/psoc creator/import/gnu/arm/5.4.1/bin/../lib/gcc/arm-none-eabi/5.4.1/../../../../arm-none-eabi/lib/armv7-m\libg_nano.a(lib_a-nano-vfprintf_float.o)
 .rodata.str1.1
                0x000046f8       0x22 c:/program files (x86)/cypress/psoc creator/4.4/psoc creator/import/gnu/arm/5.4.1/bin/../lib/gcc/arm-none-eabi/5.4.1/../../../../arm-none-eabi/lib/armv7-m\libg_nano.a(lib_a-nano-vfprintf_i.o)
 .rodata.str1.1
                0x0000471a        0xd c:/program files (x86)/cypress/psoc creator/4.4/psoc creator/import/gnu/arm/5.4.1/bin/../lib/gcc/arm-none-eabi/5.4.1/../../../../arm-none-eabi/lib/armv7-m\libg_nano.a(lib_a-dtoa.o)
                                  0xf (size before relaxing)
 .rodata.str1.1
                0x00004727        0x8 c:/program files (x86)/cypress/psoc creator/4.4/psoc creator/import/gnu/arm/5.4.1/bin/../lib/gcc/arm-none-eabi/5.4.1/../../../../arm-none-eabi/lib/armv7-m\libg_nano.a(lib_a-locale.o)
                                  0xb (size before relaxing)
 *fill*         0x0000472f        0x1 
 .rodata.__mprec_tens
                0x00004730       0xc8 c:/program files (x86)/cypress/psoc creator/4.4/psoc creator/import/gnu/arm/5.4.1/bin/../lib/gcc/arm-none-eabi/5.4.1/../../../../arm-none-eabi/lib/armv7-m\libg_nano.a(lib_a-mprec.o)
                0x00004730                __mprec_tens
 .rodata.p05.5408
                0x000047f8        0xc c:/program files (x86)/cypress/psoc creator/4.4/psoc creator/import/gnu/arm/5.4.1/bin/../lib/gcc/arm-none-eabi/5.4.1/../../../../arm-none-eabi/lib/armv7-m\libg_nano.a(lib_a-mprec.o)
 *fill*         0x00004804        0x4 
 .rodata.__mprec_bigtens
                0x00004808       0x28 c:/program files (x86)/cypress/psoc creator/4.4/psoc creator/import/gnu/arm/5.4.1/bin/../lib/gcc/arm-none-eabi/5.4.1/../../../../arm-none-eabi/lib/armv7-m\libg_nano.a(lib_a-mprec.o)
                0x00004808                __mprec_bigtens
 .rodata.str1.1
                0x00004830       0x11 c:/program files (x86)/cypress/psoc creator/4.4/psoc creator/import/gnu/arm/5.4.1/bin/../lib/gcc/arm-none-eabi/5.4.1/../../../../arm-none-eabi/lib/armv7-m\libg_nano.a(lib_a-nano-svfprintf.o)
                0x00004844                . = ALIGN (0x4)
 *fill*         0x00004841        0x3 
 *(.init)
 .init          0x00004844        0x4 c:/program files (x86)/cypress/psoc creator/4.4/psoc creator/import/gnu/arm/5.4.1/bin/../lib/gcc/arm-none-eabi/5.4.1/armv7-m/crti.o
                0x00004844                _init
 .init          0x00004848        0x8 c:/program files (x86)/cypress/psoc creator/4.4/psoc creator/import/gnu/arm/5.4.1/bin/../lib/gcc/arm-none-eabi/5.4.1/armv7-m/crtn.o
                0x00004850                . = ALIGN (0x4)
                0x00004850                __preinit_array_start = .
 *(.preinit_array)
                0x00004850                __preinit_array_end = .
                0x00004850                . = ALIGN (0x4)
                0x00004850                __init_array_start = .
 *(SORT(.init_array.*))
 *(.init_array)
 .init_array    0x00004850        0x4 c:/program files (x86)/cypress/psoc creator/4.4/psoc creator/import/gnu/arm/5.4.1/bin/../lib/gcc/arm-none-eabi/5.4.1/armv7-m/crtbegin.o
 .init_array    0x00004854        0x4 .\CortexM3\ARM_GCC_541\Debug\Cm3Start.o
                0x00004858                __init_array_end = .
                0x00004858                . = ALIGN (0x4)
 *(.fini)
 .fini          0x00004858        0x4 c:/program files (x86)/cypress/psoc creator/4.4/psoc creator/import/gnu/arm/5.4.1/bin/../lib/gcc/arm-none-eabi/5.4.1/armv7-m/crti.o
                0x00004858                _fini
 .fini          0x0000485c        0x8 c:/program files (x86)/cypress/psoc creator/4.4/psoc creator/import/gnu/arm/5.4.1/bin/../lib/gcc/arm-none-eabi/5.4.1/armv7-m/crtn.o
                0x00004864                . = ALIGN (0x4)
                0x00004864                __fini_array_start = .
 *(.fini_array)
 .fini_array    0x00004864        0x4 c:/program files (x86)/cypress/psoc creator/4.4/psoc creator/import/gnu/arm/5.4.1/bin/../lib/gcc/arm-none-eabi/5.4.1/armv7-m/crtbegin.o
 *(SORT(.fini_array.*))
                0x00004868                __fini_array_end = .
                0x00004868                . = ALIGN (0x4)
 *crtbegin.o(.ctors)
 *(EXCLUDE_FILE(*crtend.o) .ctors)
 *(SORT(.ctors.*))
 *crtend.o(.ctors)
                0x00004868                . = ALIGN (0x4)
 *crtbegin.o(.dtors)
 *(EXCLUDE_FILE(*crtend.o) .dtors)
 *(SORT(.dtors.*))
 *crtend.o(.dtors)
                0x00004868                . = ALIGN (0x4)
                0x00004868                __cy_regions = .
                0x00004868        0x4 LONG 0x4878 __cy_region_init_ram
                0x0000486c        0x4 LONG 0x1fff80c8 __cy_region_start_data
                0x00004870        0x4 LONG 0xb8 __cy_region_init_size_ram
                0x00004874        0x4 LONG 0x168 __cy_region_zero_size_ram
                0x00004878                __cy_regions_end = .
                0x00004878                . = ALIGN (0x8)
                0x00004878                _etext = .

.cy_checksum_exclude
                0x00004878        0x0
 *(.cy_checksum_exclude)

.ramvectors     0x1fff8000       0xc0
                0x1fff8000                __cy_region_start_ram = .
 *(.ramvectors)
 .ramvectors    0x1fff8000       0xc0 .\CortexM3\ARM_GCC_541\Debug\Cm3Start.o
                0x1fff8000                CyRamVectors

.noinit         0x1fff80c0        0x1
 *(.noinit)
 .noinit        0x1fff80c0        0x1 .\CortexM3\ARM_GCC_541\Debug\Design01.a(CyLib.o)
                0x1fff80c0                CyResetStatus

.data           0x1fff80c8       0xb8 load address 0x00004878
                0x1fff80c8                __cy_region_start_data = .
 *(.jcr)
 .jcr           0x1fff80c8        0x0 c:/program files (x86)/cypress/psoc creator/4.4/psoc creator/import/gnu/arm/5.4.1/bin/../lib/gcc/arm-none-eabi/5.4.1/armv7-m/crtbegin.o
 .jcr           0x1fff80c8        0x4 c:/program files (x86)/cypress/psoc creator/4.4/psoc creator/import/gnu/arm/5.4.1/bin/../lib/gcc/arm-none-eabi/5.4.1/armv7-m/crtend.o
 *(.got.plt)
 *(.got)
 *(.shdata)
 *(.data .data.* .gnu.linkonce.d.*)
 .data          0x1fff80cc        0x4 .\CortexM3\ARM_GCC_541\Debug\Cm3Start.o
 .data          0x1fff80d0       0x10 .\CortexM3\ARM_GCC_541\Debug\Design01.a(CyLib.o)
                0x1fff80d0                cydelay_32k_ms
                0x1fff80d4                cydelay_freq_khz
                0x1fff80d8                cydelay_freq_mhz
                0x1fff80dc                cydelay_freq_hz
 .data          0x1fff80e0        0x1 .\CortexM3\ARM_GCC_541\Debug\Design01.a(ADC.o)
                0x1fff80e0                ADC_Config
 .data          0x1fff80e1        0x1 .\CortexM3\ARM_GCC_541\Debug\Design01.a(ADC_AMux.o)
 *fill*         0x1fff80e2        0x2 
 .data.impure_data
                0x1fff80e4       0x60 c:/program files (x86)/cypress/psoc creator/4.4/psoc creator/import/gnu/arm/5.4.1/bin/../lib/gcc/arm-none-eabi/5.4.1/../../../../arm-none-eabi/lib/armv7-m\libg_nano.a(lib_a-impure.o)
 .data._impure_ptr
                0x1fff8144        0x4 c:/program files (x86)/cypress/psoc creator/4.4/psoc creator/import/gnu/arm/5.4.1/bin/../lib/gcc/arm-none-eabi/5.4.1/../../../../arm-none-eabi/lib/armv7-m\libg_nano.a(lib_a-impure.o)
                0x1fff8144                _impure_ptr
 .data.lconv    0x1fff8148       0x38 c:/program files (x86)/cypress/psoc creator/4.4/psoc creator/import/gnu/arm/5.4.1/bin/../lib/gcc/arm-none-eabi/5.4.1/../../../../arm-none-eabi/lib/armv7-m\libg_nano.a(lib_a-locale.o)
                0x1fff8180                . = ALIGN (0x8)
 *(.ram)
                0x1fff8180                _edata = .

.igot.plt       0x1fff8180        0x0 load address 0x00004930
 .igot.plt      0x1fff8180        0x0 c:/program files (x86)/cypress/psoc creator/4.4/psoc creator/import/gnu/arm/5.4.1/bin/../lib/gcc/arm-none-eabi/5.4.1/armv7-m/crtbegin.o

.bss            0x1fff8180      0x168 load address 0x00004930
                0x1fff8180                PROVIDE (__bss_start__, .)
 *(.shbss)
 *(.bss .bss.* .gnu.linkonce.b.*)
 .bss           0x1fff8180       0x1c c:/program files (x86)/cypress/psoc creator/4.4/psoc creator/import/gnu/arm/5.4.1/bin/../lib/gcc/arm-none-eabi/5.4.1/armv7-m/crtbegin.o
 .bss           0x1fff819c        0x2 .\CortexM3\ARM_GCC_541\Debug\SSD1306.o
                0x1fff819c                cursor_x
                0x1fff819d                cursor_y
 .bss           0x1fff819e        0x2 .\CortexM3\ARM_GCC_541\Debug\main.o
                0x1fff819e                direccion
                0x1fff819f                stop_button_pressed
 .bss           0x1fff81a0        0x2 .\CortexM3\ARM_GCC_541\Debug\Design01.a(UART.o)
                0x1fff81a0                UART_initVar
 *fill*         0x1fff81a2        0x2 
 .bss           0x1fff81a4        0xc .\CortexM3\ARM_GCC_541\Debug\Design01.a(ADC.o)
                0x1fff81a8                ADC_stopConversion
                0x1fff81a9                ADC_convDone
                0x1fff81aa                ADC_initVar
                0x1fff81ab                ADC_started
                0x1fff81ac                ADC_Offset
 .bss           0x1fff81b0        0x1 .\CortexM3\ARM_GCC_541\Debug\Design01.a(Opamp.o)
                0x1fff81b0                Opamp_initVar
 .bss           0x1fff81b1        0x1 .\CortexM3\ARM_GCC_541\Debug\Design01.a(I2C.o)
                0x1fff81b1                I2C_initVar
 .bss           0x1fff81b2        0x1 .\CortexM3\ARM_GCC_541\Debug\Design01.a(PWM1.o)
                0x1fff81b2                PWM1_initVar
 .bss           0x1fff81b3        0x1 .\CortexM3\ARM_GCC_541\Debug\Design01.a(PWM2.o)
                0x1fff81b3                PWM2_initVar
 .bss.__malloc_sbrk_start
                0x1fff81b4        0x4 c:/program files (x86)/cypress/psoc creator/4.4/psoc creator/import/gnu/arm/5.4.1/bin/../lib/gcc/arm-none-eabi/5.4.1/../../../../arm-none-eabi/lib/armv7-m\libg_nano.a(lib_a-nano-mallocr.o)
                0x1fff81b4                __malloc_sbrk_start
 .bss.__malloc_free_list
                0x1fff81b8        0x4 c:/program files (x86)/cypress/psoc creator/4.4/psoc creator/import/gnu/arm/5.4.1/bin/../lib/gcc/arm-none-eabi/5.4.1/../../../../arm-none-eabi/lib/armv7-m\libg_nano.a(lib_a-nano-mallocr.o)
                0x1fff81b8                __malloc_free_list
 *(COMMON)
 COMMON         0x1fff81bc        0x1 .\CortexM3\ARM_GCC_541\Debug\L298N.o
                0x1fff81bc                pwm_value
 *fill*         0x1fff81bd        0x3 
 COMMON         0x1fff81c0      0x108 .\CortexM3\ARM_GCC_541\Debug\main.o
                0x1fff81c0                mensaje
                0x1fff82c0                conversion
                0x1fff82c4                ADCVoltaje
 COMMON         0x1fff82c8        0x4 .\CortexM3\ARM_GCC_541\Debug\Design01.a(ADC.o)
                0x1fff82c8                ADC_CountsPerVolt
 COMMON         0x1fff82cc        0x1 .\CortexM3\ARM_GCC_541\Debug\Design01.a(I2C.o)
                0x1fff82cc                I2C_state
 *fill*         0x1fff82cd        0x3 
 COMMON         0x1fff82d0       0x10 .\CortexM3\ARM_GCC_541\Debug\Design01.a(I2C_MASTER.o)
                0x1fff82d0                I2C_mstrWrBufIndex
                0x1fff82d1                I2C_mstrWrBufSize
                0x1fff82d2                I2C_mstrStatus
                0x1fff82d4                I2C_mstrRdBufPtr
                0x1fff82d8                I2C_mstrControl
                0x1fff82d9                I2C_mstrRdBufSize
                0x1fff82da                I2C_mstrRdBufIndex
                0x1fff82dc                I2C_mstrWrBufPtr
 COMMON         0x1fff82e0        0x4 c:/program files (x86)/cypress/psoc creator/4.4/psoc creator/import/gnu/arm/5.4.1/bin/../lib/gcc/arm-none-eabi/5.4.1/../../../../arm-none-eabi/lib/armv7-m\libg_nano.a(lib_a-reent.o)
                0x1fff82e0                errno
                0x1fff82e8                . = ALIGN (0x8)
 *fill*         0x1fff82e4        0x4 
 *(.ram.b)
                0x1fff82e8                _end = .
                0x1fff82e8                __end = .
                0x1fff82e8                PROVIDE (end, .)
                0x1fff82e8                PROVIDE (__bss_end__, .)
                0x00004878                __cy_region_init_ram = LOADADDR (.data)
                0x000000b8                __cy_region_init_size_ram = (_edata - ADDR (.data))
                0x00000168                __cy_region_zero_size_ram = (_end - _edata)

.heap           0x1fff82e8      0x500 load address 0x00004930
                0x1fff82e8                . = _end
                0x1fff87e8                . = (. + 0x500)
 *fill*         0x1fff82e8      0x500 
                0x1fff87e8                __cy_heap_limit = .

.stack          0x20007800      0x800
                0x20007800                __cy_stack_limit = .
                0x20008000                . = (. + 0x800)
 *fill*         0x20007800      0x800 
                0x00000001                ASSERT ((__cy_stack_limit >= __cy_heap_limit), region RAM overflowed with stack)
                0x00000000                cy_checksum_exclude_size = (CY_APPL_LOADABLE == 0x1)?SIZEOF (.cy_checksum_exclude):0x0
                0x00000001                ASSERT ((cy_checksum_exclude_size <= CY_CHECKSUM_EXCLUDE_SIZE), CY_BOOT: Section .cy_checksum_exclude size exceedes specified limit.)

.cyloadermeta
 *(.cyloadermeta)

.cyloadablemeta
 *(.cyloadablemeta)

.cyconfigecc    0x80000000      0x504
 *(.cyconfigecc)
 .cyconfigecc   0x80000000      0x504 .\CortexM3\ARM_GCC_541\Debug\cymetadata.o
                0x80000000                cy_meta_configecc

.cycustnvl      0x90000000        0x4
 *(.cycustnvl)
 .cycustnvl     0x90000000        0x4 .\CortexM3\ARM_GCC_541\Debug\cymetadata.o
                0x90000000                cy_meta_custnvl

.cywolatch      0x90100000        0x4
 *(.cywolatch)
 .cywolatch     0x90100000        0x4 .\CortexM3\ARM_GCC_541\Debug\cymetadata.o
                0x90100000                cy_meta_wonvl

.cyeeprom       0x90200000        0x0
 *(.cyeeprom)
                0x00000001                ASSERT ((. <= ((0x90200000 + ee_offset) + ee_size)), .cyeeprom data will not fit in EEPROM)

.cyflashprotect
                0x90400000      0x100
 *(.cyflashprotect)
 .cyflashprotect
                0x90400000      0x100 .\CortexM3\ARM_GCC_541\Debug\cymetadata.o
                0x90400000                cy_meta_flashprotect

.cymeta         0x90500000        0xc
 *(.cymeta)
 .cymeta        0x90500000        0xc .\CortexM3\ARM_GCC_541\Debug\cymetadata.o
                0x90500000                cy_metadata

.rel.dyn        0x00004930        0x0 load address 0x9050000c
 .rel.iplt      0x00004930        0x0 c:/program files (x86)/cypress/psoc creator/4.4/psoc creator/import/gnu/arm/5.4.1/bin/../lib/gcc/arm-none-eabi/5.4.1/armv7-m/crtbegin.o

.stab
 *(.stab)

.stabstr
 *(.stabstr)

.debug
 *(.debug)

.line
 *(.line)

.debug_srcinfo
 *(.debug_srcinfo)

.debug_sfnames
 *(.debug_sfnames)

.debug_aranges  0x00000000      0xc70
 *(.debug_aranges)
 .debug_aranges
                0x00000000       0x20 .\CortexM3\ARM_GCC_541\Debug\uart_utils.o
 .debug_aranges
                0x00000020       0x38 .\CortexM3\ARM_GCC_541\Debug\L298N.o
 .debug_aranges
                0x00000058       0x40 .\CortexM3\ARM_GCC_541\Debug\SSD1306.o
 .debug_aranges
                0x00000098       0x18 .\CortexM3\ARM_GCC_541\Debug\font8x8.o
 .debug_aranges
                0x000000b0       0x40 .\CortexM3\ARM_GCC_541\Debug\main.o
 .debug_aranges
                0x000000f0       0x68 .\CortexM3\ARM_GCC_541\Debug\cyfitter_cfg.o
 .debug_aranges
                0x00000158       0x18 .\CortexM3\ARM_GCC_541\Debug\cymetadata.o
 .debug_aranges
                0x00000170       0x48 .\CortexM3\ARM_GCC_541\Debug\Cm3Start.o
 .debug_aranges
                0x000001b8      0x2a0 .\CortexM3\ARM_GCC_541\Debug\Design01.a(CyLib.o)
 .debug_aranges
                0x00000458       0x98 .\CortexM3\ARM_GCC_541\Debug\Design01.a(cyPm.o)
 .debug_aranges
                0x000004f0       0xf0 .\CortexM3\ARM_GCC_541\Debug\Design01.a(UART.o)
 .debug_aranges
                0x000005e0       0xe8 .\CortexM3\ARM_GCC_541\Debug\Design01.a(ADC.o)
 .debug_aranges
                0x000006c8       0x38 .\CortexM3\ARM_GCC_541\Debug\Design01.a(ADC_INT.o)
 .debug_aranges
                0x00000700       0x70 .\CortexM3\ARM_GCC_541\Debug\Design01.a(UART_IntClock.o)
 .debug_aranges
                0x00000770       0x30 .\CortexM3\ARM_GCC_541\Debug\Design01.a(ADC_AMux.o)
 .debug_aranges
                0x000007a0       0x70 .\CortexM3\ARM_GCC_541\Debug\Design01.a(ADC_Ext_CP_Clk.o)
 .debug_aranges
                0x00000810       0x80 .\CortexM3\ARM_GCC_541\Debug\Design01.a(ADC_theACLK.o)
 .debug_aranges
                0x00000890       0x40 .\CortexM3\ARM_GCC_541\Debug\Design01.a(Opamp.o)
 .debug_aranges
                0x000008d0       0x38 .\CortexM3\ARM_GCC_541\Debug\Design01.a(DIRECCION.o)
 .debug_aranges
                0x00000908       0x38 .\CortexM3\ARM_GCC_541\Debug\Design01.a(I2C.o)
 .debug_aranges
                0x00000940       0x20 .\CortexM3\ARM_GCC_541\Debug\Design01.a(I2C_INT.o)
 .debug_aranges
                0x00000960       0x38 .\CortexM3\ARM_GCC_541\Debug\Design01.a(I2C_PM.o)
 .debug_aranges
                0x00000998       0x80 .\CortexM3\ARM_GCC_541\Debug\Design01.a(I2C_MASTER.o)
 .debug_aranges
                0x00000a18       0x98 .\CortexM3\ARM_GCC_541\Debug\Design01.a(PWM1.o)
 .debug_aranges
                0x00000ab0       0x98 .\CortexM3\ARM_GCC_541\Debug\Design01.a(PWM2.o)
 .debug_aranges
                0x00000b48       0x20 .\CortexM3\ARM_GCC_541\Debug\Design01.a(CyBootAsmGnu.o)
 .debug_aranges
                0x00000b68       0x88 .\CortexM3\ARM_GCC_541\Debug\Design01.a(CyFlash.o)
 .debug_aranges
                0x00000bf0       0x80 .\CortexM3\ARM_GCC_541\Debug\Design01.a(CySpc.o)

.debug_pubnames
 *(.debug_pubnames)

.debug_info     0x00000000     0x70e1
 *(.debug_info .gnu.linkonce.wi.*)
 .debug_info    0x00000000      0x134 .\CortexM3\ARM_GCC_541\Debug\uart_utils.o
 .debug_info    0x00000134      0x1e8 .\CortexM3\ARM_GCC_541\Debug\L298N.o
 .debug_info    0x0000031c      0x4ca .\CortexM3\ARM_GCC_541\Debug\SSD1306.o
 .debug_info    0x000007e6       0xad .\CortexM3\ARM_GCC_541\Debug\font8x8.o
 .debug_info    0x00000893      0x561 .\CortexM3\ARM_GCC_541\Debug\main.o
 .debug_info    0x00000df4      0x6a1 .\CortexM3\ARM_GCC_541\Debug\cyfitter_cfg.o
 .debug_info    0x00001495      0x136 .\CortexM3\ARM_GCC_541\Debug\cymetadata.o
 .debug_info    0x000015cb      0x3bb .\CortexM3\ARM_GCC_541\Debug\Cm3Start.o
 .debug_info    0x00001986     0x1374 .\CortexM3\ARM_GCC_541\Debug\Design01.a(CyLib.o)
 .debug_info    0x00002cfa      0xa2a .\CortexM3\ARM_GCC_541\Debug\Design01.a(cyPm.o)
 .debug_info    0x00003724      0x60c .\CortexM3\ARM_GCC_541\Debug\Design01.a(UART.o)
 .debug_info    0x00003d30      0xa1d .\CortexM3\ARM_GCC_541\Debug\Design01.a(ADC.o)
 .debug_info    0x0000474d       0xd3 .\CortexM3\ARM_GCC_541\Debug\Design01.a(ADC_INT.o)
 .debug_info    0x00004820      0x283 .\CortexM3\ARM_GCC_541\Debug\Design01.a(UART_IntClock.o)
 .debug_info    0x00004aa3      0x165 .\CortexM3\ARM_GCC_541\Debug\Design01.a(ADC_AMux.o)
 .debug_info    0x00004c08      0x283 .\CortexM3\ARM_GCC_541\Debug\Design01.a(ADC_Ext_CP_Clk.o)
 .debug_info    0x00004e8b      0x2c4 .\CortexM3\ARM_GCC_541\Debug\Design01.a(ADC_theACLK.o)
 .debug_info    0x0000514f      0x151 .\CortexM3\ARM_GCC_541\Debug\Design01.a(Opamp.o)
 .debug_info    0x000052a0      0x11f .\CortexM3\ARM_GCC_541\Debug\Design01.a(DIRECCION.o)
 .debug_info    0x000053bf      0x2ad .\CortexM3\ARM_GCC_541\Debug\Design01.a(I2C.o)
 .debug_info    0x0000566c      0x184 .\CortexM3\ARM_GCC_541\Debug\Design01.a(I2C_INT.o)
 .debug_info    0x000057f0      0x207 .\CortexM3\ARM_GCC_541\Debug\Design01.a(I2C_PM.o)
 .debug_info    0x000059f7      0x407 .\CortexM3\ARM_GCC_541\Debug\Design01.a(I2C_MASTER.o)
 .debug_info    0x00005dfe      0x333 .\CortexM3\ARM_GCC_541\Debug\Design01.a(PWM1.o)
 .debug_info    0x00006131      0x333 .\CortexM3\ARM_GCC_541\Debug\Design01.a(PWM2.o)
 .debug_info    0x00006464       0xe0 .\CortexM3\ARM_GCC_541\Debug\Design01.a(CyBootAsmGnu.o)
 .debug_info    0x00006544      0x64d .\CortexM3\ARM_GCC_541\Debug\Design01.a(CyFlash.o)
 .debug_info    0x00006b91      0x550 .\CortexM3\ARM_GCC_541\Debug\Design01.a(CySpc.o)

.debug_abbrev   0x00000000     0x1fac
 *(.debug_abbrev)
 .debug_abbrev  0x00000000       0xac .\CortexM3\ARM_GCC_541\Debug\uart_utils.o
 .debug_abbrev  0x000000ac       0xc9 .\CortexM3\ARM_GCC_541\Debug\L298N.o
 .debug_abbrev  0x00000175      0x15f .\CortexM3\ARM_GCC_541\Debug\SSD1306.o
 .debug_abbrev  0x000002d4       0x5d .\CortexM3\ARM_GCC_541\Debug\font8x8.o
 .debug_abbrev  0x00000331      0x137 .\CortexM3\ARM_GCC_541\Debug\main.o
 .debug_abbrev  0x00000468      0x22d .\CortexM3\ARM_GCC_541\Debug\cyfitter_cfg.o
 .debug_abbrev  0x00000695       0x77 .\CortexM3\ARM_GCC_541\Debug\cymetadata.o
 .debug_abbrev  0x0000070c      0x1e8 .\CortexM3\ARM_GCC_541\Debug\Cm3Start.o
 .debug_abbrev  0x000008f4      0x254 .\CortexM3\ARM_GCC_541\Debug\Design01.a(CyLib.o)
 .debug_abbrev  0x00000b48      0x1ab .\CortexM3\ARM_GCC_541\Debug\Design01.a(cyPm.o)
 .debug_abbrev  0x00000cf3      0x175 .\CortexM3\ARM_GCC_541\Debug\Design01.a(UART.o)
 .debug_abbrev  0x00000e68      0x1cd .\CortexM3\ARM_GCC_541\Debug\Design01.a(ADC.o)
 .debug_abbrev  0x00001035       0x42 .\CortexM3\ARM_GCC_541\Debug\Design01.a(ADC_INT.o)
 .debug_abbrev  0x00001077      0x139 .\CortexM3\ARM_GCC_541\Debug\Design01.a(UART_IntClock.o)
 .debug_abbrev  0x000011b0       0xb1 .\CortexM3\ARM_GCC_541\Debug\Design01.a(ADC_AMux.o)
 .debug_abbrev  0x00001261      0x139 .\CortexM3\ARM_GCC_541\Debug\Design01.a(ADC_Ext_CP_Clk.o)
 .debug_abbrev  0x0000139a      0x121 .\CortexM3\ARM_GCC_541\Debug\Design01.a(ADC_theACLK.o)
 .debug_abbrev  0x000014bb       0xb2 .\CortexM3\ARM_GCC_541\Debug\Design01.a(Opamp.o)
 .debug_abbrev  0x0000156d       0x90 .\CortexM3\ARM_GCC_541\Debug\Design01.a(DIRECCION.o)
 .debug_abbrev  0x000015fd      0x10a .\CortexM3\ARM_GCC_541\Debug\Design01.a(I2C.o)
 .debug_abbrev  0x00001707       0xb6 .\CortexM3\ARM_GCC_541\Debug\Design01.a(I2C_INT.o)
 .debug_abbrev  0x000017bd       0xfe .\CortexM3\ARM_GCC_541\Debug\Design01.a(I2C_PM.o)
 .debug_abbrev  0x000018bb      0x13c .\CortexM3\ARM_GCC_541\Debug\Design01.a(I2C_MASTER.o)
 .debug_abbrev  0x000019f7      0x133 .\CortexM3\ARM_GCC_541\Debug\Design01.a(PWM1.o)
 .debug_abbrev  0x00001b2a      0x133 .\CortexM3\ARM_GCC_541\Debug\Design01.a(PWM2.o)
 .debug_abbrev  0x00001c5d       0x14 .\CortexM3\ARM_GCC_541\Debug\Design01.a(CyBootAsmGnu.o)
 .debug_abbrev  0x00001c71      0x1a7 .\CortexM3\ARM_GCC_541\Debug\Design01.a(CyFlash.o)
 .debug_abbrev  0x00001e18      0x194 .\CortexM3\ARM_GCC_541\Debug\Design01.a(CySpc.o)

.debug_line     0x00000000     0x341e
 *(.debug_line)
 .debug_line    0x00000000      0x179 .\CortexM3\ARM_GCC_541\Debug\uart_utils.o
 .debug_line    0x00000179      0x1a0 .\CortexM3\ARM_GCC_541\Debug\L298N.o
 .debug_line    0x00000319      0x23d .\CortexM3\ARM_GCC_541\Debug\SSD1306.o
 .debug_line    0x00000556      0x127 .\CortexM3\ARM_GCC_541\Debug\font8x8.o
 .debug_line    0x0000067d      0x2da .\CortexM3\ARM_GCC_541\Debug\main.o
 .debug_line    0x00000957      0x228 .\CortexM3\ARM_GCC_541\Debug\cyfitter_cfg.o
 .debug_line    0x00000b7f      0x141 .\CortexM3\ARM_GCC_541\Debug\cymetadata.o
 .debug_line    0x00000cc0      0x234 .\CortexM3\ARM_GCC_541\Debug\Cm3Start.o
 .debug_line    0x00000ef4      0x816 .\CortexM3\ARM_GCC_541\Debug\Design01.a(CyLib.o)
 .debug_line    0x0000170a      0x367 .\CortexM3\ARM_GCC_541\Debug\Design01.a(cyPm.o)
 .debug_line    0x00001a71      0x2bc .\CortexM3\ARM_GCC_541\Debug\Design01.a(UART.o)
 .debug_line    0x00001d2d      0x364 .\CortexM3\ARM_GCC_541\Debug\Design01.a(ADC.o)
 .debug_line    0x00002091       0x80 .\CortexM3\ARM_GCC_541\Debug\Design01.a(ADC_INT.o)
 .debug_line    0x00002111      0x17c .\CortexM3\ARM_GCC_541\Debug\Design01.a(UART_IntClock.o)
 .debug_line    0x0000228d       0xac .\CortexM3\ARM_GCC_541\Debug\Design01.a(ADC_AMux.o)
 .debug_line    0x00002339      0x17d .\CortexM3\ARM_GCC_541\Debug\Design01.a(ADC_Ext_CP_Clk.o)
 .debug_line    0x000024b6      0x19d .\CortexM3\ARM_GCC_541\Debug\Design01.a(ADC_theACLK.o)
 .debug_line    0x00002653       0xa8 .\CortexM3\ARM_GCC_541\Debug\Design01.a(Opamp.o)
 .debug_line    0x000026fb       0x96 .\CortexM3\ARM_GCC_541\Debug\Design01.a(DIRECCION.o)
 .debug_line    0x00002791       0xd9 .\CortexM3\ARM_GCC_541\Debug\Design01.a(I2C.o)
 .debug_line    0x0000286a      0x114 .\CortexM3\ARM_GCC_541\Debug\Design01.a(I2C_INT.o)
 .debug_line    0x0000297e       0xbb .\CortexM3\ARM_GCC_541\Debug\Design01.a(I2C_PM.o)
 .debug_line    0x00002a39      0x1fd .\CortexM3\ARM_GCC_541\Debug\Design01.a(I2C_MASTER.o)
 .debug_line    0x00002c36      0x184 .\CortexM3\ARM_GCC_541\Debug\Design01.a(PWM1.o)
 .debug_line    0x00002dba      0x184 .\CortexM3\ARM_GCC_541\Debug\Design01.a(PWM2.o)
 .debug_line    0x00002f3e       0x66 .\CortexM3\ARM_GCC_541\Debug\Design01.a(CyBootAsmGnu.o)
 .debug_line    0x00002fa4      0x21a .\CortexM3\ARM_GCC_541\Debug\Design01.a(CyFlash.o)
 .debug_line    0x000031be      0x260 .\CortexM3\ARM_GCC_541\Debug\Design01.a(CySpc.o)

.debug_frame    0x00000000     0x2624
 *(.debug_frame)
 .debug_frame   0x00000000       0x30 .\CortexM3\ARM_GCC_541\Debug\uart_utils.o
 .debug_frame   0x00000030       0x80 .\CortexM3\ARM_GCC_541\Debug\L298N.o
 .debug_frame   0x000000b0       0xa8 .\CortexM3\ARM_GCC_541\Debug\SSD1306.o
 .debug_frame   0x00000158       0xb4 .\CortexM3\ARM_GCC_541\Debug\main.o
 .debug_frame   0x0000020c      0x104 .\CortexM3\ARM_GCC_541\Debug\cyfitter_cfg.o
 .debug_frame   0x00000310       0xb8 .\CortexM3\ARM_GCC_541\Debug\Cm3Start.o
 .debug_frame   0x000003c8      0x738 .\CortexM3\ARM_GCC_541\Debug\Design01.a(CyLib.o)
 .debug_frame   0x00000b00      0x1f8 .\CortexM3\ARM_GCC_541\Debug\Design01.a(cyPm.o)
 .debug_frame   0x00000cf8      0x250 .\CortexM3\ARM_GCC_541\Debug\Design01.a(UART.o)
 .debug_frame   0x00000f48      0x290 .\CortexM3\ARM_GCC_541\Debug\Design01.a(ADC.o)
 .debug_frame   0x000011d8       0x50 .\CortexM3\ARM_GCC_541\Debug\Design01.a(ADC_INT.o)
 .debug_frame   0x00001228       0xe0 .\CortexM3\ARM_GCC_541\Debug\Design01.a(UART_IntClock.o)
 .debug_frame   0x00001308       0x64 .\CortexM3\ARM_GCC_541\Debug\Design01.a(ADC_AMux.o)
 .debug_frame   0x0000136c       0xe0 .\CortexM3\ARM_GCC_541\Debug\Design01.a(ADC_Ext_CP_Clk.o)
 .debug_frame   0x0000144c      0x100 .\CortexM3\ARM_GCC_541\Debug\Design01.a(ADC_theACLK.o)
 .debug_frame   0x0000154c       0x78 .\CortexM3\ARM_GCC_541\Debug\Design01.a(Opamp.o)
 .debug_frame   0x000015c4       0x50 .\CortexM3\ARM_GCC_541\Debug\Design01.a(DIRECCION.o)
 .debug_frame   0x00001614       0x94 .\CortexM3\ARM_GCC_541\Debug\Design01.a(I2C.o)
 .debug_frame   0x000016a8       0x30 .\CortexM3\ARM_GCC_541\Debug\Design01.a(I2C_INT.o)
 .debug_frame   0x000016d8       0x74 .\CortexM3\ARM_GCC_541\Debug\Design01.a(I2C_PM.o)
 .debug_frame   0x0000174c      0x138 .\CortexM3\ARM_GCC_541\Debug\Design01.a(I2C_MASTER.o)
 .debug_frame   0x00001884      0x134 .\CortexM3\ARM_GCC_541\Debug\Design01.a(PWM1.o)
 .debug_frame   0x000019b8      0x134 .\CortexM3\ARM_GCC_541\Debug\Design01.a(PWM2.o)
 .debug_frame   0x00001aec      0x194 .\CortexM3\ARM_GCC_541\Debug\Design01.a(CyFlash.o)
 .debug_frame   0x00001c80      0x180 .\CortexM3\ARM_GCC_541\Debug\Design01.a(CySpc.o)
 .debug_frame   0x00001e00       0x20 c:/program files (x86)/cypress/psoc creator/4.4/psoc creator/import/gnu/arm/5.4.1/bin/../lib/gcc/arm-none-eabi/5.4.1/../../../../arm-none-eabi/lib/armv7-m\libg_nano.a(lib_a-errno.o)
 .debug_frame   0x00001e20       0x28 c:/program files (x86)/cypress/psoc creator/4.4/psoc creator/import/gnu/arm/5.4.1/bin/../lib/gcc/arm-none-eabi/5.4.1/../../../../arm-none-eabi/lib/armv7-m\libg_nano.a(lib_a-exit.o)
 .debug_frame   0x00001e48       0x2c c:/program files (x86)/cypress/psoc creator/4.4/psoc creator/import/gnu/arm/5.4.1/bin/../lib/gcc/arm-none-eabi/5.4.1/../../../../arm-none-eabi/lib/armv7-m\libg_nano.a(lib_a-init.o)
 .debug_frame   0x00001e74       0x28 c:/program files (x86)/cypress/psoc creator/4.4/psoc creator/import/gnu/arm/5.4.1/bin/../lib/gcc/arm-none-eabi/5.4.1/../../../../arm-none-eabi/lib/armv7-m\libg_nano.a(lib_a-memcpy-stub.o)
 .debug_frame   0x00001e9c       0x20 c:/program files (x86)/cypress/psoc creator/4.4/psoc creator/import/gnu/arm/5.4.1/bin/../lib/gcc/arm-none-eabi/5.4.1/../../../../arm-none-eabi/lib/armv7-m\libg_nano.a(lib_a-memset.o)
 .debug_frame   0x00001ebc       0x8c c:/program files (x86)/cypress/psoc creator/4.4/psoc creator/import/gnu/arm/5.4.1/bin/../lib/gcc/arm-none-eabi/5.4.1/../../../../arm-none-eabi/lib/armv7-m\libg_nano.a(lib_a-nano-vfprintf_float.o)
 .debug_frame   0x00001f48       0x60 c:/program files (x86)/cypress/psoc creator/4.4/psoc creator/import/gnu/arm/5.4.1/bin/../lib/gcc/arm-none-eabi/5.4.1/../../../../arm-none-eabi/lib/armv7-m\libg_nano.a(lib_a-nano-vfprintf_i.o)
 .debug_frame   0x00001fa8       0x70 c:/program files (x86)/cypress/psoc creator/4.4/psoc creator/import/gnu/arm/5.4.1/bin/../lib/gcc/arm-none-eabi/5.4.1/../../../../arm-none-eabi/lib/armv7-m\libg_nano.a(lib_a-sprintf.o)
 .debug_frame   0x00002018       0x6c c:/program files (x86)/cypress/psoc creator/4.4/psoc creator/import/gnu/arm/5.4.1/bin/../lib/gcc/arm-none-eabi/5.4.1/../../../../arm-none-eabi/lib/armv7-m\libg_nano.a(lib_a-dtoa.o)
 .debug_frame   0x00002084       0x98 c:/program files (x86)/cypress/psoc creator/4.4/psoc creator/import/gnu/arm/5.4.1/bin/../lib/gcc/arm-none-eabi/5.4.1/../../../../arm-none-eabi/lib/armv7-m\libg_nano.a(lib_a-locale.o)
 .debug_frame   0x0000211c       0x30 c:/program files (x86)/cypress/psoc creator/4.4/psoc creator/import/gnu/arm/5.4.1/bin/../lib/gcc/arm-none-eabi/5.4.1/../../../../arm-none-eabi/lib/armv7-m\libg_nano.a(lib_a-malloc.o)
 .debug_frame   0x0000214c       0x28 c:/program files (x86)/cypress/psoc creator/4.4/psoc creator/import/gnu/arm/5.4.1/bin/../lib/gcc/arm-none-eabi/5.4.1/../../../../arm-none-eabi/lib/armv7-m\libg_nano.a(lib_a-memchr-stub.o)
 .debug_frame   0x00002174      0x234 c:/program files (x86)/cypress/psoc creator/4.4/psoc creator/import/gnu/arm/5.4.1/bin/../lib/gcc/arm-none-eabi/5.4.1/../../../../arm-none-eabi/lib/armv7-m\libg_nano.a(lib_a-mprec.o)
 .debug_frame   0x000023a8       0x2c c:/program files (x86)/cypress/psoc creator/4.4/psoc creator/import/gnu/arm/5.4.1/bin/../lib/gcc/arm-none-eabi/5.4.1/../../../../arm-none-eabi/lib/armv7-m\libg_nano.a(lib_a-nano-callocr.o)
 .debug_frame   0x000023d4       0x38 c:/program files (x86)/cypress/psoc creator/4.4/psoc creator/import/gnu/arm/5.4.1/bin/../lib/gcc/arm-none-eabi/5.4.1/../../../../arm-none-eabi/lib/armv7-m\libg_nano.a(lib_a-nano-freer.o)
 .debug_frame   0x0000240c       0x2c c:/program files (x86)/cypress/psoc creator/4.4/psoc creator/import/gnu/arm/5.4.1/bin/../lib/gcc/arm-none-eabi/5.4.1/../../../../arm-none-eabi/lib/armv7-m\libg_nano.a(lib_a-nano-mallocr.o)
 .debug_frame   0x00002438       0x90 c:/program files (x86)/cypress/psoc creator/4.4/psoc creator/import/gnu/arm/5.4.1/bin/../lib/gcc/arm-none-eabi/5.4.1/../../../../arm-none-eabi/lib/armv7-m\libg_nano.a(lib_a-nano-svfprintf.o)
 .debug_frame   0x000024c8       0x2c c:/program files (x86)/cypress/psoc creator/4.4/psoc creator/import/gnu/arm/5.4.1/bin/../lib/gcc/arm-none-eabi/5.4.1/../../../../arm-none-eabi/lib/armv7-m\libg_nano.a(lib_a-sbrkr.o)
 .debug_frame   0x000024f4       0x20 c:/program files (x86)/cypress/psoc creator/4.4/psoc creator/import/gnu/arm/5.4.1/bin/../lib/gcc/arm-none-eabi/5.4.1/../../../../arm-none-eabi/lib/armv7-m\libg_nano.a(lib_a-strcmp.o)
 .debug_frame   0x00002514       0x28 c:/program files (x86)/cypress/psoc creator/4.4/psoc creator/import/gnu/arm/5.4.1/bin/../lib/gcc/arm-none-eabi/5.4.1/../../../../arm-none-eabi/lib/armv7-m\libg_nano.a(lib_a-memmove.o)
 .debug_frame   0x0000253c       0x30 c:/program files (x86)/cypress/psoc creator/4.4/psoc creator/import/gnu/arm/5.4.1/bin/../lib/gcc/arm-none-eabi/5.4.1/../../../../arm-none-eabi/lib/armv7-m\libg_nano.a(lib_a-mlock.o)
 .debug_frame   0x0000256c       0x3c c:/program files (x86)/cypress/psoc creator/4.4/psoc creator/import/gnu/arm/5.4.1/bin/../lib/gcc/arm-none-eabi/5.4.1/../../../../arm-none-eabi/lib/armv7-m\libg_nano.a(lib_a-nano-reallocr.o)
 .debug_frame   0x000025a8       0x5c c:/program files (x86)/cypress/psoc creator/4.4/psoc creator/import/gnu/arm/5.4.1/bin/../lib/gcc/arm-none-eabi/5.4.1/../../../../arm-none-eabi/lib/armv7-m\libg_nano.a(lib_a-reent.o)
 .debug_frame   0x00002604       0x20 c:/program files (x86)/cypress/psoc creator/4.4/psoc creator/import/gnu/arm/5.4.1/bin/../lib/gcc/arm-none-eabi/5.4.1/../../../../arm-none-eabi/lib/armv7-m\libg_nano.a(lib_a-nano-msizer.o)

.debug_str      0x00000000     0x26b2
 *(.debug_str)
 .debug_str     0x00000000      0x1e6 .\CortexM3\ARM_GCC_541\Debug\uart_utils.o
                                0x236 (size before relaxing)
 .debug_str     0x000001e6       0x69 .\CortexM3\ARM_GCC_541\Debug\L298N.o
                                0x265 (size before relaxing)
 .debug_str     0x0000024f       0xec .\CortexM3\ARM_GCC_541\Debug\SSD1306.o
                                0x2e8 (size before relaxing)
 .debug_str     0x0000033b        0xa .\CortexM3\ARM_GCC_541\Debug\font8x8.o
                                0x1d1 (size before relaxing)
 .debug_str     0x00000345      0x12f .\CortexM3\ARM_GCC_541\Debug\main.o
                                0x3a9 (size before relaxing)
 .debug_str     0x00000474      0x202 .\CortexM3\ARM_GCC_541\Debug\cyfitter_cfg.o
                                0x3e0 (size before relaxing)
 .debug_str     0x00000676       0x75 .\CortexM3\ARM_GCC_541\Debug\cymetadata.o
                                0x234 (size before relaxing)
 .debug_str     0x000006eb      0x13f .\CortexM3\ARM_GCC_541\Debug\Cm3Start.o
                                0x35a (size before relaxing)
 .debug_str     0x0000082a      0x837 .\CortexM3\ARM_GCC_541\Debug\Design01.a(CyLib.o)
                                0xa97 (size before relaxing)
 .debug_str     0x00001061      0x365 .\CortexM3\ARM_GCC_541\Debug\Design01.a(cyPm.o)
                                0x783 (size before relaxing)
 .debug_str     0x000013c6      0x280 .\CortexM3\ARM_GCC_541\Debug\Design01.a(UART.o)
                                0x4c5 (size before relaxing)
 .debug_str     0x00001646      0x326 .\CortexM3\ARM_GCC_541\Debug\Design01.a(ADC.o)
                                0x619 (size before relaxing)
 .debug_str     0x0000196c       0x45 .\CortexM3\ARM_GCC_541\Debug\Design01.a(ADC_INT.o)
                                0x210 (size before relaxing)
 .debug_str     0x000019b1      0x17b .\CortexM3\ARM_GCC_541\Debug\Design01.a(UART_IntClock.o)
                                0x386 (size before relaxing)
 .debug_str     0x00001b2c       0x5f .\CortexM3\ARM_GCC_541\Debug\Design01.a(ADC_AMux.o)
                                0x24f (size before relaxing)
 .debug_str     0x00001b8b      0x12a .\CortexM3\ARM_GCC_541\Debug\Design01.a(ADC_Ext_CP_Clk.o)
                                0x392 (size before relaxing)
 .debug_str     0x00001cb5      0x14f .\CortexM3\ARM_GCC_541\Debug\Design01.a(ADC_theACLK.o)
                                0x3b1 (size before relaxing)
 .debug_str     0x00001e04       0x65 .\CortexM3\ARM_GCC_541\Debug\Design01.a(Opamp.o)
                                0x247 (size before relaxing)
 .debug_str     0x00001e69       0x6b .\CortexM3\ARM_GCC_541\Debug\Design01.a(DIRECCION.o)
                                0x246 (size before relaxing)
 .debug_str     0x00001ed4       0xd9 .\CortexM3\ARM_GCC_541\Debug\Design01.a(I2C.o)
                                0x331 (size before relaxing)
 .debug_str     0x00001fad       0x86 .\CortexM3\ARM_GCC_541\Debug\Design01.a(I2C_INT.o)
                                0x2af (size before relaxing)
 .debug_str     0x00002033       0x56 .\CortexM3\ARM_GCC_541\Debug\Design01.a(I2C_PM.o)
                                0x2cd (size before relaxing)
 .debug_str     0x00002089      0x135 .\CortexM3\ARM_GCC_541\Debug\Design01.a(I2C_MASTER.o)
                                0x3f4 (size before relaxing)
 .debug_str     0x000021be      0x15f .\CortexM3\ARM_GCC_541\Debug\Design01.a(PWM1.o)
                                0x38e (size before relaxing)
 .debug_str     0x0000231d      0x135 .\CortexM3\ARM_GCC_541\Debug\Design01.a(PWM2.o)
                                0x38e (size before relaxing)
 .debug_str     0x00002452      0x1b4 .\CortexM3\ARM_GCC_541\Debug\Design01.a(CyFlash.o)
                                0x410 (size before relaxing)
 .debug_str     0x00002606       0xac .\CortexM3\ARM_GCC_541\Debug\Design01.a(CySpc.o)
                                0x388 (size before relaxing)

.debug_loc      0x00000000     0x3038
 *(.debug_loc)
 .debug_loc     0x00000000       0x87 .\CortexM3\ARM_GCC_541\Debug\uart_utils.o
 .debug_loc     0x00000087       0x42 .\CortexM3\ARM_GCC_541\Debug\L298N.o
 .debug_loc     0x000000c9      0x128 .\CortexM3\ARM_GCC_541\Debug\SSD1306.o
 .debug_loc     0x000001f1       0x13 .\CortexM3\ARM_GCC_541\Debug\main.o
 .debug_loc     0x00000204      0x2cb .\CortexM3\ARM_GCC_541\Debug\cyfitter_cfg.o
 .debug_loc     0x000004cf      0x144 .\CortexM3\ARM_GCC_541\Debug\Cm3Start.o
 .debug_loc     0x00000613      0xa11 .\CortexM3\ARM_GCC_541\Debug\Design01.a(CyLib.o)
 .debug_loc     0x00001024      0x1e4 .\CortexM3\ARM_GCC_541\Debug\Design01.a(cyPm.o)
 .debug_loc     0x00001208      0x258 .\CortexM3\ARM_GCC_541\Debug\Design01.a(UART.o)
 .debug_loc     0x00001460      0x6c1 .\CortexM3\ARM_GCC_541\Debug\Design01.a(ADC.o)
 .debug_loc     0x00001b21      0x128 .\CortexM3\ARM_GCC_541\Debug\Design01.a(UART_IntClock.o)
 .debug_loc     0x00001c49       0x6c .\CortexM3\ARM_GCC_541\Debug\Design01.a(ADC_AMux.o)
 .debug_loc     0x00001cb5      0x12c .\CortexM3\ARM_GCC_541\Debug\Design01.a(ADC_Ext_CP_Clk.o)
 .debug_loc     0x00001de1      0x14d .\CortexM3\ARM_GCC_541\Debug\Design01.a(ADC_theACLK.o)
 .debug_loc     0x00001f2e       0x21 .\CortexM3\ARM_GCC_541\Debug\Design01.a(Opamp.o)
 .debug_loc     0x00001f4f       0x42 .\CortexM3\ARM_GCC_541\Debug\Design01.a(DIRECCION.o)
 .debug_loc     0x00001f91       0x39 .\CortexM3\ARM_GCC_541\Debug\Design01.a(I2C.o)
 .debug_loc     0x00001fca       0x29 .\CortexM3\ARM_GCC_541\Debug\Design01.a(I2C_INT.o)
 .debug_loc     0x00001ff3       0x13 .\CortexM3\ARM_GCC_541\Debug\Design01.a(I2C_PM.o)
 .debug_loc     0x00002006      0x52f .\CortexM3\ARM_GCC_541\Debug\Design01.a(I2C_MASTER.o)
 .debug_loc     0x00002535       0x26 .\CortexM3\ARM_GCC_541\Debug\Design01.a(PWM1.o)
 .debug_loc     0x0000255b       0x26 .\CortexM3\ARM_GCC_541\Debug\Design01.a(PWM2.o)
 .debug_loc     0x00002581      0x3b2 .\CortexM3\ARM_GCC_541\Debug\Design01.a(CyFlash.o)
 .debug_loc     0x00002933      0x705 .\CortexM3\ARM_GCC_541\Debug\Design01.a(CySpc.o)

.debug_macinfo
 *(.debug_macinfo)

.debug_ranges   0x00000000      0xac0
 *(.debug_ranges)
 .debug_ranges  0x00000000       0x10 .\CortexM3\ARM_GCC_541\Debug\uart_utils.o
 .debug_ranges  0x00000010       0x28 .\CortexM3\ARM_GCC_541\Debug\L298N.o
 .debug_ranges  0x00000038       0x60 .\CortexM3\ARM_GCC_541\Debug\SSD1306.o
 .debug_ranges  0x00000098       0x30 .\CortexM3\ARM_GCC_541\Debug\main.o
 .debug_ranges  0x000000c8       0x58 .\CortexM3\ARM_GCC_541\Debug\cyfitter_cfg.o
 .debug_ranges  0x00000120       0x38 .\CortexM3\ARM_GCC_541\Debug\Cm3Start.o
 .debug_ranges  0x00000158      0x290 .\CortexM3\ARM_GCC_541\Debug\Design01.a(CyLib.o)
 .debug_ranges  0x000003e8       0x88 .\CortexM3\ARM_GCC_541\Debug\Design01.a(cyPm.o)
 .debug_ranges  0x00000470       0xe0 .\CortexM3\ARM_GCC_541\Debug\Design01.a(UART.o)
 .debug_ranges  0x00000550       0xd8 .\CortexM3\ARM_GCC_541\Debug\Design01.a(ADC.o)
 .debug_ranges  0x00000628       0x28 .\CortexM3\ARM_GCC_541\Debug\Design01.a(ADC_INT.o)
 .debug_ranges  0x00000650       0x60 .\CortexM3\ARM_GCC_541\Debug\Design01.a(UART_IntClock.o)
 .debug_ranges  0x000006b0       0x20 .\CortexM3\ARM_GCC_541\Debug\Design01.a(ADC_AMux.o)
 .debug_ranges  0x000006d0       0x60 .\CortexM3\ARM_GCC_541\Debug\Design01.a(ADC_Ext_CP_Clk.o)
 .debug_ranges  0x00000730       0x70 .\CortexM3\ARM_GCC_541\Debug\Design01.a(ADC_theACLK.o)
 .debug_ranges  0x000007a0       0x30 .\CortexM3\ARM_GCC_541\Debug\Design01.a(Opamp.o)
 .debug_ranges  0x000007d0       0x28 .\CortexM3\ARM_GCC_541\Debug\Design01.a(DIRECCION.o)
 .debug_ranges  0x000007f8       0x28 .\CortexM3\ARM_GCC_541\Debug\Design01.a(I2C.o)
 .debug_ranges  0x00000820       0x10 .\CortexM3\ARM_GCC_541\Debug\Design01.a(I2C_INT.o)
 .debug_ranges  0x00000830       0x28 .\CortexM3\ARM_GCC_541\Debug\Design01.a(I2C_PM.o)
 .debug_ranges  0x00000858       0x70 .\CortexM3\ARM_GCC_541\Debug\Design01.a(I2C_MASTER.o)
 .debug_ranges  0x000008c8       0x88 .\CortexM3\ARM_GCC_541\Debug\Design01.a(PWM1.o)
 .debug_ranges  0x00000950       0x88 .\CortexM3\ARM_GCC_541\Debug\Design01.a(PWM2.o)
 .debug_ranges  0x000009d8       0x78 .\CortexM3\ARM_GCC_541\Debug\Design01.a(CyFlash.o)
 .debug_ranges  0x00000a50       0x70 .\CortexM3\ARM_GCC_541\Debug\Design01.a(CySpc.o)

.comment        0x00000000       0x6e
 .comment       0x00000000       0x6e .\CortexM3\ARM_GCC_541\Debug\uart_utils.o
                                 0x6f (size before relaxing)
 .comment       0x0000006e       0x6f .\CortexM3\ARM_GCC_541\Debug\L298N.o
 .comment       0x0000006e       0x6f .\CortexM3\ARM_GCC_541\Debug\SSD1306.o
 .comment       0x0000006e       0x6f .\CortexM3\ARM_GCC_541\Debug\font8x8.o
 .comment       0x0000006e       0x6f .\CortexM3\ARM_GCC_541\Debug\main.o
 .comment       0x0000006e       0x6f .\CortexM3\ARM_GCC_541\Debug\cyfitter_cfg.o
 .comment       0x0000006e       0x6f .\CortexM3\ARM_GCC_541\Debug\cymetadata.o
 .comment       0x0000006e       0x6f .\CortexM3\ARM_GCC_541\Debug\Cm3Start.o
 .comment       0x0000006e       0x6f .\CortexM3\ARM_GCC_541\Debug\Design01.a(CyLib.o)
 .comment       0x0000006e       0x6f .\CortexM3\ARM_GCC_541\Debug\Design01.a(cyPm.o)
 .comment       0x0000006e       0x6f .\CortexM3\ARM_GCC_541\Debug\Design01.a(UART.o)
 .comment       0x0000006e       0x6f .\CortexM3\ARM_GCC_541\Debug\Design01.a(ADC.o)
 .comment       0x0000006e       0x6f .\CortexM3\ARM_GCC_541\Debug\Design01.a(ADC_INT.o)
 .comment       0x0000006e       0x6f .\CortexM3\ARM_GCC_541\Debug\Design01.a(UART_IntClock.o)
 .comment       0x0000006e       0x6f .\CortexM3\ARM_GCC_541\Debug\Design01.a(ADC_AMux.o)
 .comment       0x0000006e       0x6f .\CortexM3\ARM_GCC_541\Debug\Design01.a(ADC_Ext_CP_Clk.o)
 .comment       0x0000006e       0x6f .\CortexM3\ARM_GCC_541\Debug\Design01.a(ADC_theACLK.o)
 .comment       0x0000006e       0x6f .\CortexM3\ARM_GCC_541\Debug\Design01.a(Opamp.o)
 .comment       0x0000006e       0x6f .\CortexM3\ARM_GCC_541\Debug\Design01.a(DIRECCION.o)
 .comment       0x0000006e       0x6f .\CortexM3\ARM_GCC_541\Debug\Design01.a(I2C.o)
 .comment       0x0000006e       0x6f .\CortexM3\ARM_GCC_541\Debug\Design01.a(I2C_INT.o)
 .comment       0x0000006e       0x6f .\CortexM3\ARM_GCC_541\Debug\Design01.a(I2C_PM.o)
 .comment       0x0000006e       0x6f .\CortexM3\ARM_GCC_541\Debug\Design01.a(I2C_MASTER.o)
 .comment       0x0000006e       0x6f .\CortexM3\ARM_GCC_541\Debug\Design01.a(PWM1.o)
 .comment       0x0000006e       0x6f .\CortexM3\ARM_GCC_541\Debug\Design01.a(PWM2.o)
 .comment       0x0000006e       0x6f .\CortexM3\ARM_GCC_541\Debug\Design01.a(CyFlash.o)
 .comment       0x0000006e       0x6f .\CortexM3\ARM_GCC_541\Debug\Design01.a(CySpc.o)

.debug_weaknames
 *(.debug_weaknames)

.debug_funcnames
 *(.debug_funcnames)

.debug_typenames
 *(.debug_typenames)

.debug_varnames
 *(.debug_varnames)

.note.gnu.arm.ident
 *(.note.gnu.arm.ident)

.ARM.attributes
                0x00000000       0x29
 *(.ARM.attributes)
 .ARM.attributes
                0x00000000       0x1d c:/program files (x86)/cypress/psoc creator/4.4/psoc creator/import/gnu/arm/5.4.1/bin/../lib/gcc/arm-none-eabi/5.4.1/armv7-m/crti.o
 .ARM.attributes
                0x0000001d       0x2d c:/program files (x86)/cypress/psoc creator/4.4/psoc creator/import/gnu/arm/5.4.1/bin/../lib/gcc/arm-none-eabi/5.4.1/armv7-m/crtbegin.o
 .ARM.attributes
                0x0000004a       0x1b c:/program files (x86)/cypress/psoc creator/4.4/psoc creator/import/gnu/arm/5.4.1/bin/../lib/gcc/arm-none-eabi/5.4.1/../../../../arm-none-eabi/lib/armv7-m/crt0.o
 .ARM.attributes
                0x00000065       0x33 .\CortexM3\ARM_GCC_541\Debug\uart_utils.o
 .ARM.attributes
                0x00000098       0x33 .\CortexM3\ARM_GCC_541\Debug\L298N.o
 .ARM.attributes
                0x000000cb       0x33 .\CortexM3\ARM_GCC_541\Debug\SSD1306.o
 .ARM.attributes
                0x000000fe       0x33 .\CortexM3\ARM_GCC_541\Debug\font8x8.o
 .ARM.attributes
                0x00000131       0x33 .\CortexM3\ARM_GCC_541\Debug\main.o
 .ARM.attributes
                0x00000164       0x33 .\CortexM3\ARM_GCC_541\Debug\cyfitter_cfg.o
 .ARM.attributes
                0x00000197       0x33 .\CortexM3\ARM_GCC_541\Debug\cymetadata.o
 .ARM.attributes
                0x000001ca       0x33 .\CortexM3\ARM_GCC_541\Debug\Cm3Start.o
 .ARM.attributes
                0x000001fd       0x33 .\CortexM3\ARM_GCC_541\Debug\Design01.a(CyLib.o)
 .ARM.attributes
                0x00000230       0x33 .\CortexM3\ARM_GCC_541\Debug\Design01.a(cyPm.o)
 .ARM.attributes
                0x00000263       0x33 .\CortexM3\ARM_GCC_541\Debug\Design01.a(UART.o)
 .ARM.attributes
                0x00000296       0x33 .\CortexM3\ARM_GCC_541\Debug\Design01.a(ADC.o)
 .ARM.attributes
                0x000002c9       0x33 .\CortexM3\ARM_GCC_541\Debug\Design01.a(ADC_INT.o)
 .ARM.attributes
                0x000002fc       0x33 .\CortexM3\ARM_GCC_541\Debug\Design01.a(UART_IntClock.o)
 .ARM.attributes
                0x0000032f       0x33 .\CortexM3\ARM_GCC_541\Debug\Design01.a(ADC_AMux.o)
 .ARM.attributes
                0x00000362       0x33 .\CortexM3\ARM_GCC_541\Debug\Design01.a(ADC_Ext_CP_Clk.o)
 .ARM.attributes
                0x00000395       0x33 .\CortexM3\ARM_GCC_541\Debug\Design01.a(ADC_theACLK.o)
 .ARM.attributes
                0x000003c8       0x33 .\CortexM3\ARM_GCC_541\Debug\Design01.a(Opamp.o)
 .ARM.attributes
                0x000003fb       0x33 .\CortexM3\ARM_GCC_541\Debug\Design01.a(DIRECCION.o)
 .ARM.attributes
                0x0000042e       0x33 .\CortexM3\ARM_GCC_541\Debug\Design01.a(I2C.o)
 .ARM.attributes
                0x00000461       0x33 .\CortexM3\ARM_GCC_541\Debug\Design01.a(I2C_INT.o)
 .ARM.attributes
                0x00000494       0x33 .\CortexM3\ARM_GCC_541\Debug\Design01.a(I2C_PM.o)
 .ARM.attributes
                0x000004c7       0x33 .\CortexM3\ARM_GCC_541\Debug\Design01.a(I2C_MASTER.o)
 .ARM.attributes
                0x000004fa       0x33 .\CortexM3\ARM_GCC_541\Debug\Design01.a(PWM1.o)
 .ARM.attributes
                0x0000052d       0x33 .\CortexM3\ARM_GCC_541\Debug\Design01.a(PWM2.o)
 .ARM.attributes
                0x00000560       0x21 .\CortexM3\ARM_GCC_541\Debug\Design01.a(CyBootAsmGnu.o)
 .ARM.attributes
                0x00000581       0x33 .\CortexM3\ARM_GCC_541\Debug\Design01.a(CyFlash.o)
 .ARM.attributes
                0x000005b4       0x33 .\CortexM3\ARM_GCC_541\Debug\Design01.a(CySpc.o)
 .ARM.attributes
                0x000005e7       0x1d c:/program files (x86)/cypress/psoc creator/4.4/psoc creator/import/gnu/arm/5.4.1/bin/../lib/gcc/arm-none-eabi/5.4.1/armv7-m\libgcc.a(_arm_addsubdf3.o)
 .ARM.attributes
                0x00000604       0x1d c:/program files (x86)/cypress/psoc creator/4.4/psoc creator/import/gnu/arm/5.4.1/bin/../lib/gcc/arm-none-eabi/5.4.1/armv7-m\libgcc.a(_arm_muldivdf3.o)
 .ARM.attributes
                0x00000621       0x1d c:/program files (x86)/cypress/psoc creator/4.4/psoc creator/import/gnu/arm/5.4.1/bin/../lib/gcc/arm-none-eabi/5.4.1/armv7-m\libgcc.a(_arm_cmpdf2.o)
 .ARM.attributes
                0x0000063e       0x1d c:/program files (x86)/cypress/psoc creator/4.4/psoc creator/import/gnu/arm/5.4.1/bin/../lib/gcc/arm-none-eabi/5.4.1/armv7-m\libgcc.a(_arm_fixunsdfsi.o)
 .ARM.attributes
                0x0000065b       0x1d c:/program files (x86)/cypress/psoc creator/4.4/psoc creator/import/gnu/arm/5.4.1/bin/../lib/gcc/arm-none-eabi/5.4.1/armv7-m\libgcc.a(_arm_truncdfsf2.o)
 .ARM.attributes
                0x00000678       0x1d c:/program files (x86)/cypress/psoc creator/4.4/psoc creator/import/gnu/arm/5.4.1/bin/../lib/gcc/arm-none-eabi/5.4.1/armv7-m\libgcc.a(_arm_addsubsf3.o)
 .ARM.attributes
                0x00000695       0x1d c:/program files (x86)/cypress/psoc creator/4.4/psoc creator/import/gnu/arm/5.4.1/bin/../lib/gcc/arm-none-eabi/5.4.1/armv7-m\libgcc.a(_arm_muldivsf3.o)
 .ARM.attributes
                0x000006b2       0x1d c:/program files (x86)/cypress/psoc creator/4.4/psoc creator/import/gnu/arm/5.4.1/bin/../lib/gcc/arm-none-eabi/5.4.1/armv7-m\libgcc.a(_arm_fixunssfsi.o)
 .ARM.attributes
                0x000006cf       0x2d c:/program files (x86)/cypress/psoc creator/4.4/psoc creator/import/gnu/arm/5.4.1/bin/../lib/gcc/arm-none-eabi/5.4.1/../../../../arm-none-eabi/lib/armv7-m\libg_nano.a(lib_a-errno.o)
 .ARM.attributes
                0x000006fc       0x2d c:/program files (x86)/cypress/psoc creator/4.4/psoc creator/import/gnu/arm/5.4.1/bin/../lib/gcc/arm-none-eabi/5.4.1/../../../../arm-none-eabi/lib/armv7-m\libg_nano.a(lib_a-exit.o)
 .ARM.attributes
                0x00000729       0x2d c:/program files (x86)/cypress/psoc creator/4.4/psoc creator/import/gnu/arm/5.4.1/bin/../lib/gcc/arm-none-eabi/5.4.1/../../../../arm-none-eabi/lib/armv7-m\libg_nano.a(lib_a-impure.o)
 .ARM.attributes
                0x00000756       0x2d c:/program files (x86)/cypress/psoc creator/4.4/psoc creator/import/gnu/arm/5.4.1/bin/../lib/gcc/arm-none-eabi/5.4.1/../../../../arm-none-eabi/lib/armv7-m\libg_nano.a(lib_a-init.o)
 .ARM.attributes
                0x00000783       0x2d c:/program files (x86)/cypress/psoc creator/4.4/psoc creator/import/gnu/arm/5.4.1/bin/../lib/gcc/arm-none-eabi/5.4.1/../../../../arm-none-eabi/lib/armv7-m\libg_nano.a(lib_a-memcpy-stub.o)
 .ARM.attributes
                0x000007b0       0x2d c:/program files (x86)/cypress/psoc creator/4.4/psoc creator/import/gnu/arm/5.4.1/bin/../lib/gcc/arm-none-eabi/5.4.1/../../../../arm-none-eabi/lib/armv7-m\libg_nano.a(lib_a-memset.o)
 .ARM.attributes
                0x000007dd       0x2d c:/program files (x86)/cypress/psoc creator/4.4/psoc creator/import/gnu/arm/5.4.1/bin/../lib/gcc/arm-none-eabi/5.4.1/../../../../arm-none-eabi/lib/armv7-m\libg_nano.a(lib_a-nano-vfprintf_float.o)
 .ARM.attributes
                0x0000080a       0x2d c:/program files (x86)/cypress/psoc creator/4.4/psoc creator/import/gnu/arm/5.4.1/bin/../lib/gcc/arm-none-eabi/5.4.1/../../../../arm-none-eabi/lib/armv7-m\libg_nano.a(lib_a-nano-vfprintf_i.o)
 .ARM.attributes
                0x00000837       0x2d c:/program files (x86)/cypress/psoc creator/4.4/psoc creator/import/gnu/arm/5.4.1/bin/../lib/gcc/arm-none-eabi/5.4.1/../../../../arm-none-eabi/lib/armv7-m\libg_nano.a(lib_a-sprintf.o)
 .ARM.attributes
                0x00000864       0x17 c:/program files (x86)/cypress/psoc creator/4.4/psoc creator/import/gnu/arm/5.4.1/bin/../lib/gcc/arm-none-eabi/5.4.1/../../../../arm-none-eabi/lib/armv7-m\libg_nano.a(lib_a-strlen.o)
 .ARM.attributes
                0x0000087b       0x2d c:/program files (x86)/cypress/psoc creator/4.4/psoc creator/import/gnu/arm/5.4.1/bin/../lib/gcc/arm-none-eabi/5.4.1/../../../../arm-none-eabi/lib/armv7-m\libg_nano.a(lib_a-dtoa.o)
 .ARM.attributes
                0x000008a8       0x2d c:/program files (x86)/cypress/psoc creator/4.4/psoc creator/import/gnu/arm/5.4.1/bin/../lib/gcc/arm-none-eabi/5.4.1/../../../../arm-none-eabi/lib/armv7-m\libg_nano.a(lib_a-locale.o)
 .ARM.attributes
                0x000008d5       0x2d c:/program files (x86)/cypress/psoc creator/4.4/psoc creator/import/gnu/arm/5.4.1/bin/../lib/gcc/arm-none-eabi/5.4.1/../../../../arm-none-eabi/lib/armv7-m\libg_nano.a(lib_a-malloc.o)
 .ARM.attributes
                0x00000902       0x2d c:/program files (x86)/cypress/psoc creator/4.4/psoc creator/import/gnu/arm/5.4.1/bin/../lib/gcc/arm-none-eabi/5.4.1/../../../../arm-none-eabi/lib/armv7-m\libg_nano.a(lib_a-memchr-stub.o)
 .ARM.attributes
                0x0000092f       0x2d c:/program files (x86)/cypress/psoc creator/4.4/psoc creator/import/gnu/arm/5.4.1/bin/../lib/gcc/arm-none-eabi/5.4.1/../../../../arm-none-eabi/lib/armv7-m\libg_nano.a(lib_a-mprec.o)
 .ARM.attributes
                0x0000095c       0x2d c:/program files (x86)/cypress/psoc creator/4.4/psoc creator/import/gnu/arm/5.4.1/bin/../lib/gcc/arm-none-eabi/5.4.1/../../../../arm-none-eabi/lib/armv7-m\libg_nano.a(lib_a-nano-callocr.o)
 .ARM.attributes
                0x00000989       0x2d c:/program files (x86)/cypress/psoc creator/4.4/psoc creator/import/gnu/arm/5.4.1/bin/../lib/gcc/arm-none-eabi/5.4.1/../../../../arm-none-eabi/lib/armv7-m\libg_nano.a(lib_a-nano-freer.o)
 .ARM.attributes
                0x000009b6       0x2d c:/program files (x86)/cypress/psoc creator/4.4/psoc creator/import/gnu/arm/5.4.1/bin/../lib/gcc/arm-none-eabi/5.4.1/../../../../arm-none-eabi/lib/armv7-m\libg_nano.a(lib_a-nano-mallocr.o)
 .ARM.attributes
                0x000009e3       0x2d c:/program files (x86)/cypress/psoc creator/4.4/psoc creator/import/gnu/arm/5.4.1/bin/../lib/gcc/arm-none-eabi/5.4.1/../../../../arm-none-eabi/lib/armv7-m\libg_nano.a(lib_a-nano-svfprintf.o)
 .ARM.attributes
                0x00000a10       0x2d c:/program files (x86)/cypress/psoc creator/4.4/psoc creator/import/gnu/arm/5.4.1/bin/../lib/gcc/arm-none-eabi/5.4.1/../../../../arm-none-eabi/lib/armv7-m\libg_nano.a(lib_a-sbrkr.o)
 .ARM.attributes
                0x00000a3d       0x1b c:/program files (x86)/cypress/psoc creator/4.4/psoc creator/import/gnu/arm/5.4.1/bin/../lib/gcc/arm-none-eabi/5.4.1/../../../../arm-none-eabi/lib/armv7-m\libg_nano.a(lib_a-strcmp.o)
 .ARM.attributes
                0x00000a58       0x2d c:/program files (x86)/cypress/psoc creator/4.4/psoc creator/import/gnu/arm/5.4.1/bin/../lib/gcc/arm-none-eabi/5.4.1/../../../../arm-none-eabi/lib/armv7-m\libg_nano.a(lib_a-memmove.o)
 .ARM.attributes
                0x00000a85       0x2d c:/program files (x86)/cypress/psoc creator/4.4/psoc creator/import/gnu/arm/5.4.1/bin/../lib/gcc/arm-none-eabi/5.4.1/../../../../arm-none-eabi/lib/armv7-m\libg_nano.a(lib_a-mlock.o)
 .ARM.attributes
                0x00000ab2       0x2d c:/program files (x86)/cypress/psoc creator/4.4/psoc creator/import/gnu/arm/5.4.1/bin/../lib/gcc/arm-none-eabi/5.4.1/../../../../arm-none-eabi/lib/armv7-m\libg_nano.a(lib_a-nano-reallocr.o)
 .ARM.attributes
                0x00000adf       0x2d c:/program files (x86)/cypress/psoc creator/4.4/psoc creator/import/gnu/arm/5.4.1/bin/../lib/gcc/arm-none-eabi/5.4.1/../../../../arm-none-eabi/lib/armv7-m\libg_nano.a(lib_a-reent.o)
 .ARM.attributes
                0x00000b0c       0x2d c:/program files (x86)/cypress/psoc creator/4.4/psoc creator/import/gnu/arm/5.4.1/bin/../lib/gcc/arm-none-eabi/5.4.1/../../../../arm-none-eabi/lib/armv7-m\libg_nano.a(lib_a-nano-msizer.o)
 .ARM.attributes
                0x00000b39       0x1d c:/program files (x86)/cypress/psoc creator/4.4/psoc creator/import/gnu/arm/5.4.1/bin/../lib/gcc/arm-none-eabi/5.4.1/armv7-m\libgcc.a(_arm_unorddf2.o)
 .ARM.attributes
                0x00000b56       0x1d c:/program files (x86)/cypress/psoc creator/4.4/psoc creator/import/gnu/arm/5.4.1/bin/../lib/gcc/arm-none-eabi/5.4.1/armv7-m\libgcc.a(_arm_fixdfsi.o)
 .ARM.attributes
                0x00000b73       0x2d c:/program files (x86)/cypress/psoc creator/4.4/psoc creator/import/gnu/arm/5.4.1/bin/../lib/gcc/arm-none-eabi/5.4.1/armv7-m/crtend.o
 .ARM.attributes
                0x00000ba0       0x1d c:/program files (x86)/cypress/psoc creator/4.4/psoc creator/import/gnu/arm/5.4.1/bin/../lib/gcc/arm-none-eabi/5.4.1/armv7-m/crtn.o

/DISCARD/
 *(.note.GNU-stack)
OUTPUT(C:\Users\nicol\Documents\PSoC Creator\CE195277_ADC_and_UART\CE195352_PSoC_5LP_Blinking_LED\CE195352_PSoC_5LP_Blinking_LED\LED_TEST\Design01.cydsn\CortexM3\ARM_GCC_541\Debug\Design01.elf elf32-littlearm)